<html>
<body>
<pre>
<h1>�Vision Build Log</h1>
<h2>Tool Versions:</h2>
IDE-Version: ��Vision V5.36.0.0
Copyright (C) 2021 ARM Ltd and ARM Germany GmbH. All rights reserved.
License Information:  ,  , LIC=21E4T-RE0SZ-63GMB-2UVNC-RU7XY-KK4V4
 
Tool Versions:
Toolchain:       MDK-ARM Plus  Version: 5.36.0.0
Toolchain Path:  D:\mysoftware\keil_arm\ARM\ARMCC\Bin
C Compiler:      Armcc.exe V5.06 update 7 (build 960)
Assembler:       Armasm.exe V5.06 update 7 (build 960)
Linker/Locator:  ArmLink.exe V5.06 update 7 (build 960)
Library Manager: ArmAr.exe V5.06 update 7 (build 960)
Hex Converter:   FromElf.exe V5.06 update 7 (build 960)
CPU DLL:         SARMCM3.DLL V5.36.0.0
Dialog DLL:      DCM.DLL V1.17.3.0
Target DLL:      CMSIS_AGDI.dll V1.33.0.0
Dialog DLL:      TCM.DLL V1.53.0.0
 
<h2>Project:</h2>
D:\my_programs\stm32cubeMX_programs\smart_lock\MDK-ARM\com.uvprojx
Project File Date:  06/04/2025

<h2>Output:</h2>
*** Using Compiler 'V5.06 update 7 (build 960)', folder: 'D:\mysoftware\keil_arm\ARM\ARMCC\Bin'
Build target 'com'
compiling for_whole_project.c...
..\User\0_for_whole_project\for_whole_project.c(295): warning:  #870-D: invalid multibyte character sequence
          printf("密码与管理员密码不匹�? \r\n");
..\User\0_for_whole_project\for_whole_project.c(361): warning:  #870-D: invalid multibyte character sequence
              printf("普通用�? %d\n", cnt);
..\User\0_for_whole_project\for_whole_project.c(525): warning:  #224-D: the format string requires additional arguments
                  printf("delete user %d\n");
..\User\0_for_whole_project\for_whole_project.c(621): warning:  #224-D: the format string requires additional arguments
                  printf("delete user %d\n");
..\User\0_for_whole_project\for_whole_project.c(389): warning:  #546-D: transfer of control bypasses initialization of:
            variable "ret"  (declared at line 457)
      switch(cmd) {
      ^
..\User\0_for_whole_project\for_whole_project.c: 5 warnings, 0 errors
linking...
Program Size: Code=41480 RO-data=5984 RW-data=412 ZI-data=64436  
FromELF: creating hex file...
"com\com.axf" - 0 Error(s), 5 Warning(s).

<h2>Software Packages used:</h2>

Package Vendor: ARM
                http://www.keil.com/pack/ARM.CMSIS.5.8.0.pack
                ARM.CMSIS.5.8.0
                CMSIS (Common Microcontroller Software Interface Standard)
   * Component: CORE Version: 5.5.0

Package Vendor: Keil
                http://www.keil.com/pack/Keil.STM32F1xx_DFP.2.1.0.pack
                Keil.STM32F1xx_DFP.2.1.0
                STMicroelectronics STM32F1 Series Device Support, Drivers and Examples

<h2>Collection of Component include folders:</h2>
  .\RTE\_com
  D:\my_programs\keil_path\ARM\CMSIS\5.8.0\CMSIS\Core\Include
  D:\my_programs\keil_path\Keil\STM32F1xx_DFP\2.1.0\Device\Include

<h2>Collection of Component Files used:</h2>

   * Component: ARM::CMSIS:CORE:5.5.0
      Include file:  CMSIS\Core\Include\tz_context.h
Build Time Elapsed:  00:00:04
</pre>
</body>
</html>
