Component: ARM Compiler 5.06 update 7 (build 960) Tool: armlink [4d3601]

==============================================================================

Section Cross References

    startup_stm32f103xe.o(RESET) refers to startup_stm32f103xe.o(STACK) for __initial_sp
    startup_stm32f103xe.o(RESET) refers to startup_stm32f103xe.o(.text) for Reset_Handler
    startup_stm32f103xe.o(RESET) refers to stm32f1xx_it.o(i.NMI_Handler) for NMI_Handler
    startup_stm32f103xe.o(RESET) refers to stm32f1xx_it.o(i.HardFault_Handler) for HardFault_Handler
    startup_stm32f103xe.o(RESET) refers to stm32f1xx_it.o(i.MemManage_Handler) for MemManage_Handler
    startup_stm32f103xe.o(RESET) refers to stm32f1xx_it.o(i.BusFault_Handler) for BusFault_Handler
    startup_stm32f103xe.o(RESET) refers to stm32f1xx_it.o(i.UsageFault_Handler) for UsageFault_Handler
    startup_stm32f103xe.o(RESET) refers to port.o(.emb_text) for SVC_Handler
    startup_stm32f103xe.o(RESET) refers to stm32f1xx_it.o(i.DebugMon_Handler) for DebugMon_Handler
    startup_stm32f103xe.o(RESET) refers to stm32f1xx_it.o(i.SysTick_Handler) for SysTick_Handler
    startup_stm32f103xe.o(RESET) refers to stm32f1xx_it.o(i.EXTI0_IRQHandler) for EXTI0_IRQHandler
    startup_stm32f103xe.o(RESET) refers to stm32f1xx_it.o(i.EXTI2_IRQHandler) for EXTI2_IRQHandler
    startup_stm32f103xe.o(RESET) refers to stm32f1xx_it.o(i.EXTI4_IRQHandler) for EXTI4_IRQHandler
    startup_stm32f103xe.o(RESET) refers to stm32f1xx_it.o(i.USART1_IRQHandler) for USART1_IRQHandler
    startup_stm32f103xe.o(RESET) refers to stm32f1xx_it.o(i.USART3_IRQHandler) for USART3_IRQHandler
    startup_stm32f103xe.o(.text) refers to system_stm32f1xx.o(i.SystemInit) for SystemInit
    startup_stm32f103xe.o(.text) refers to entry.o(.ARM.Collect$$$$00000000) for __main
    fonts.o(i.Set_CurrentFont) refers to fonts.o(.data) for .data
    fonts.o(.data) refers to fonts.o(.constdata) for Font7x10
    fonts.o(.data) refers to fonts.o(.constdata) for Font11x18
    fonts.o(.data) refers to fonts.o(.constdata) for Font16x26
    fonts.o(.data) refers to fonts.o(.data) for Font_7x10
    ili9341.o(i.FPS_Test) refers to stm32f1xx_hal.o(i.HAL_GetTick) for HAL_GetTick
    ili9341.o(i.FPS_Test) refers to ili9341.o(i.ILI9341_FillScreen) for ILI9341_FillScreen
    ili9341.o(i.FPS_Test) refers to fonts.o(i.Set_CurrentFont) for Set_CurrentFont
    ili9341.o(i.FPS_Test) refers to ili9341.o(i.ILI9341_WriteString) for ILI9341_WriteString
    ili9341.o(i.FPS_Test) refers to memmovea.o(.text) for __aeabi_memmove
    ili9341.o(i.FPS_Test) refers to stm32f1xx_hal.o(i.HAL_Delay) for HAL_Delay
    ili9341.o(i.FPS_Test) refers to dfltui.o(.text) for __aeabi_ui2d
    ili9341.o(i.FPS_Test) refers to ddiv.o(.text) for __aeabi_ddiv
    ili9341.o(i.FPS_Test) refers to fflti.o(.text) for __aeabi_i2f
    ili9341.o(i.FPS_Test) refers to f2d.o(.text) for __aeabi_f2d
    ili9341.o(i.FPS_Test) refers to dfixi.o(.text) for __aeabi_d2iz
    ili9341.o(i.FPS_Test) refers to printf3.o(i.__0snprintf$3) for __2snprintf
    ili9341.o(i.FPS_Test) refers to fonts.o(.data) for Font_11x18
    ili9341.o(i.ILI9341_BackLight_Control) refers to stm32f1xx_hal_gpio.o(i.HAL_GPIO_WritePin) for HAL_GPIO_WritePin
    ili9341.o(i.ILI9341_DrawCircle) refers to ili9341.o(i.ILI9341_DrawPixel) for ILI9341_DrawPixel
    ili9341.o(i.ILI9341_DrawCross) refers to ili9341.o(i.ILI9341_DrawLine) for ILI9341_DrawLine
    ili9341.o(i.ILI9341_DrawFillRectangle) refers to ili9341.o(i.ILI9341_SetAddressWindow) for ILI9341_SetAddressWindow
    ili9341.o(i.ILI9341_DrawFillRectangle) refers to ili9341.o(.data) for .data
    ili9341.o(i.ILI9341_DrawFilledCircle) refers to ili9341.o(i.ILI9341_DrawPixel) for ILI9341_DrawPixel
    ili9341.o(i.ILI9341_DrawFilledCircle) refers to ili9341.o(i.ILI9341_DrawLine) for ILI9341_DrawLine
    ili9341.o(i.ILI9341_DrawFilledTriangle) refers to ili9341.o(i.ILI9341_DrawLine) for ILI9341_DrawLine
    ili9341.o(i.ILI9341_DrawImage) refers to ili9341.o(i.ILI9341_SetAddressWindow) for ILI9341_SetAddressWindow
    ili9341.o(i.ILI9341_DrawImage) refers to ili9341.o(i.ILI9341_WriteDataMultiple) for ILI9341_WriteDataMultiple
    ili9341.o(i.ILI9341_DrawImage) refers to ili9341.o(.data) for .data
    ili9341.o(i.ILI9341_DrawLine) refers to ili9341.o(i.ILI9341_DrawPixel) for ILI9341_DrawPixel
    ili9341.o(i.ILI9341_DrawPixel) refers to ili9341.o(i.ILI9341_SetAddressWindow) for ILI9341_SetAddressWindow
    ili9341.o(i.ILI9341_DrawPixel) refers to ili9341.o(.data) for .data
    ili9341.o(i.ILI9341_DrawRectangle) refers to ili9341.o(i.ILI9341_DrawLine) for ILI9341_DrawLine
    ili9341.o(i.ILI9341_DrawRectangle) refers to ili9341.o(.data) for .data
    ili9341.o(i.ILI9341_DrawTriangle) refers to ili9341.o(i.ILI9341_DrawLine) for ILI9341_DrawLine
    ili9341.o(i.ILI9341_FillScreen) refers to ili9341.o(i.ILI9341_SetAddressWindow) for ILI9341_SetAddressWindow
[...]
    _printf_charcount                        0x00000000   Number         0  stubs.o ABSOLUTE
    _printf_d                                0x00000000   Number         0  stubs.o ABSOLUTE
    _printf_e                                0x00000000   Number         0  stubs.o ABSOLUTE
    _printf_f                                0x00000000   Number         0  stubs.o ABSOLUTE
    _printf_flags                            0x00000000   Number         0  stubs.o ABSOLUTE
    _printf_fp_dec                           0x00000000   Number         0  stubs.o ABSOLUTE
    _printf_fp_hex                           0x00000000   Number         0  stubs.o ABSOLUTE
    _printf_g                                0x00000000   Number         0  stubs.o ABSOLUTE
    _printf_i                                0x00000000   Number         0  stubs.o ABSOLUTE
    _printf_int_dec                          0x00000000   Number         0  stubs.o ABSOLUTE
    _printf_l                                0x00000000   Number         0  stubs.o ABSOLUTE
    _printf_lc                               0x00000000   Number         0  stubs.o ABSOLUTE
    _printf_ll                               0x00000000   Number         0  stubs.o ABSOLUTE
    _printf_lld                              0x00000000   Number         0  stubs.o ABSOLUTE
    _printf_lli                              0x00000000   Number         0  stubs.o ABSOLUTE
    _printf_llo                              0x00000000   Number         0  stubs.o ABSOLUTE
    _printf_llu                              0x00000000   Number         0  stubs.o ABSOLUTE
    _printf_llx                              0x00000000   Number         0  stubs.o ABSOLUTE
    _printf_longlong_dec                     0x00000000   Number         0  stubs.o ABSOLUTE
    _printf_longlong_hex                     0x00000000   Number         0  stubs.o ABSOLUTE
    _printf_longlong_oct                     0x00000000   Number         0  stubs.o ABSOLUTE
    _printf_ls                               0x00000000   Number         0  stubs.o ABSOLUTE
    _printf_mbtowc                           0x00000000   Number         0  stubs.o ABSOLUTE
    _printf_n                                0x00000000   Number         0  stubs.o ABSOLUTE
    _printf_o                                0x00000000   Number         0  stubs.o ABSOLUTE
    _printf_p                                0x00000000   Number         0  stubs.o ABSOLUTE
    _printf_percent                          0x00000000   Number         0  stubs.o ABSOLUTE
    _printf_pre_padding                      0x00000000   Number         0  stubs.o ABSOLUTE
    _printf_return_value                     0x00000000   Number         0  stubs.o ABSOLUTE
    _printf_s                                0x00000000   Number         0  stubs.o ABSOLUTE
    _printf_sizespec                         0x00000000   Number         0  stubs.o ABSOLUTE
    _printf_str                              0x00000000   Number         0  stubs.o ABSOLUTE
    _printf_truncate_signed                  0x00000000   Number         0  stubs.o ABSOLUTE
    _printf_truncate_unsigned                0x00000000   Number         0  stubs.o ABSOLUTE
    _printf_u                                0x00000000   Number         0  stubs.o ABSOLUTE
    _printf_wc                               0x00000000   Number         0  stubs.o ABSOLUTE
    _printf_wctomb                           0x00000000   Number         0  stubs.o ABSOLUTE
    _printf_widthprec                        0x00000000   Number         0  stubs.o ABSOLUTE
    _printf_x                                0x00000000   Number         0  stubs.o ABSOLUTE
    __arm_fini_                               - Undefined Weak Reference
    __cpp_initialize__aeabi_                  - Undefined Weak Reference
    __cxa_finalize                            - Undefined Weak Reference
    _clock_init                               - Undefined Weak Reference
    _microlib_exit                            - Undefined Weak Reference
    __Vectors_Size                           0x00000130   Number         0  startup_stm32f103xe.o ABSOLUTE
    __Vectors                                0x08000000   Data           4  startup_stm32f103xe.o(RESET)
    __Vectors_End                            0x08000130   Data           0  startup_stm32f103xe.o(RESET)
    __main                                   0x08000131   Thumb Code     0  entry.o(.ARM.Collect$$$$00000000)
    _main_stk                                0x08000131   Thumb Code     0  entry2.o(.ARM.Collect$$$$00000001)
    _main_scatterload                        0x08000135   Thumb Code     0  entry5.o(.ARM.Collect$$$$00000004)
    __main_after_scatterload                 0x08000139   Thumb Code     0  entry5.o(.ARM.Collect$$$$00000004)
    _main_clock                              0x08000139   Thumb Code     0  entry7b.o(.ARM.Collect$$$$00000008)
    _main_cpp_init                           0x08000139   Thumb Code     0  entry8b.o(.ARM.Collect$$$$0000000A)
    _main_init                               0x08000139   Thumb Code     0  entry9a.o(.ARM.Collect$$$$0000000B)
    __rt_lib_shutdown_fini                   0x08000141   Thumb Code     0  entry12b.o(.ARM.Collect$$$$0000000E)
    __rt_final_cpp                           0x08000145   Thumb Code     0  entry10a.o(.ARM.Collect$$$$0000000F)
    __rt_final_exit                          0x08000145   Thumb Code     0  entry11a.o(.ARM.Collect$$$$00000011)
    SVC_Handler                              0x08000149   Thumb Code    32  port.o(.emb_text)
    __asm___6_port_c_39a90d8d__prvStartFirstTask 0x0800016d   Thumb Code    28  port.o(.emb_text)
    PendSV_Handler                           0x0800018d   Thumb Code    72  port.o(.emb_text)
    vPortGetIPSR                             0x080001d9   Thumb Code     6  port.o(.emb_text)
    Reset_Handler                            0x080001e1   Thumb Code     8  startup_stm32f103xe.o(.text)
    ADC1_2_IRQHandler                        0x080001fb   Thumb Code     0  startup_stm32f103xe.o(.text)
    ADC3_IRQHandler                          0x080001fb   Thumb Code     0  startup_stm32f103xe.o(.text)
    CAN1_RX1_IRQHandler                      0x080001fb   Thumb Code     0  startup_stm32f103xe.o(.text)
    CAN1_SCE_IRQHandler                      0x080001fb   Thumb Code     0  startup_stm32f103xe.o(.text)
    DMA1_Channel1_IRQHandler                 0x080001fb   Thumb Code     0  startup_stm32f103xe.o(.text)
    DMA1_Channel2_IRQHandler                 0x080001fb   Thumb Code     0  startup_stm32f103xe.o(.text)
    DMA1_Channel3_IRQHandler                 0x080001fb   Thumb Code     0  startup_stm32f103xe.o(.text)
    DMA1_Channel4_IRQHandler                 0x080001fb   Thumb Code     0  startup_stm32f103xe.o(.text)
    DMA1_Channel5_IRQHandler                 0x080001fb   Thumb Code     0  startup_stm32f103xe.o(.text)
    DMA1_Channel6_IRQHandler                 0x080001fb   Thumb Code     0  startup_stm32f103xe.o(.text)
    DMA1_Channel7_IRQHandler                 0x080001fb   Thumb Code     0  startup_stm32f103xe.o(.text)
    DMA2_Channel1_IRQHandler                 0x080001fb   Thumb Code     0  startup_stm32f103xe.o(.text)
    DMA2_Channel2_IRQHandler                 0x080001fb   Thumb Code     0  startup_stm32f103xe.o(.text)
    DMA2_Channel3_IRQHandler                 0x080001fb   Thumb Code     0  startup_stm32f103xe.o(.text)
    DMA2_Channel4_5_IRQHandler               0x080001fb   Thumb Code     0  startup_stm32f103xe.o(.text)
    EXTI15_10_IRQHandler                     0x080001fb   Thumb Code     0  startup_stm32f103xe.o(.text)
    EXTI1_IRQHandler                         0x080001fb   Thumb Code     0  startup_stm32f103xe.o(.text)
    EXTI3_IRQHandler                         0x080001fb   Thumb Code     0  startup_stm32f103xe.o(.text)
    EXTI9_5_IRQHandler                       0x080001fb   Thumb Code     0  startup_stm32f103xe.o(.text)
    FLASH_IRQHandler                         0x080001fb   Thumb Code     0  startup_stm32f103xe.o(.text)
    FSMC_IRQHandler                          0x080001fb   Thumb Code     0  startup_stm32f103xe.o(.text)
    I2C1_ER_IRQHandler                       0x080001fb   Thumb Code     0  startup_stm32f103xe.o(.text)
    I2C1_EV_IRQHandler                       0x080001fb   Thumb Code     0  startup_stm32f103xe.o(.text)
    I2C2_ER_IRQHandler                       0x080001fb   Thumb Code     0  startup_stm32f103xe.o(.text)
    I2C2_EV_IRQHandler                       0x080001fb   Thumb Code     0  startup_stm32f103xe.o(.text)
    PVD_IRQHandler                           0x080001fb   Thumb Code     0  startup_stm32f103xe.o(.text)
    RCC_IRQHandler                           0x080001fb   Thumb Code     0  startup_stm32f103xe.o(.text)
    RTC_Alarm_IRQHandler                     0x080001fb   Thumb Code     0  startup_stm32f103xe.o(.text)
    RTC_IRQHandler                           0x080001fb   Thumb Code     0  startup_stm32f103xe.o(.text)
    SDIO_IRQHandler                          0x080001fb   Thumb Code     0  startup_stm32f103xe.o(.text)
    SPI1_IRQHandler                          0x080001fb   Thumb Code     0  startup_stm32f103xe.o(.text)
    SPI2_IRQHandler                          0x080001fb   Thumb Code     0  startup_stm32f103xe.o(.text)
    SPI3_IRQHandler                          0x080001fb   Thumb Code     0  startup_stm32f103xe.o(.text)
    TAMPER_IRQHandler                        0x080001fb   Thumb Code     0  startup_stm32f103xe.o(.text)
    TIM1_BRK_IRQHandler                      0x080001fb   Thumb Code     0  startup_stm32f103xe.o(.text)
    TIM1_CC_IRQHandler                       0x080001fb   Thumb Code     0  startup_stm32f103xe.o(.text)
    TIM1_TRG_COM_IRQHandler                  0x080001fb   Thumb Code     0  startup_stm32f103xe.o(.text)
    TIM1_UP_IRQHandler                       0x080001fb   Thumb Code     0  startup_stm32f103xe.o(.text)
    TIM2_IRQHandler                          0x080001fb   Thumb Code     0  startup_stm32f103xe.o(.text)
    TIM3_IRQHandler                          0x080001fb   Thumb Code     0  startup_stm32f103xe.o(.text)
    TIM4_IRQHandler                          0x080001fb   Thumb Code     0  startup_stm32f103xe.o(.text)
    TIM5_IRQHandler                          0x080001fb   Thumb Code     0  startup_stm32f103xe.o(.text)
    TIM6_IRQHandler                          0x080001fb   Thumb Code     0  startup_stm32f103xe.o(.text)
    TIM7_IRQHandler                          0x080001fb   Thumb Code     0  startup_stm32f103xe.o(.text)
    TIM8_BRK_IRQHandler                      0x080001fb   Thumb Code     0  startup_stm32f103xe.o(.text)
    TIM8_CC_IRQHandler                       0x080001fb   Thumb Code     0  startup_stm32f103xe.o(.text)
    TIM8_TRG_COM_IRQHandler                  0x080001fb   Thumb Code     0  startup_stm32f103xe.o(.text)
    TIM8_UP_IRQHandler                       0x080001fb   Thumb Code     0  startup_stm32f103xe.o(.text)
    UART4_IRQHandler                         0x080001fb   Thumb Code     0  startup_stm32f103xe.o(.text)
    UART5_IRQHandler                         0x080001fb   Thumb Code     0  startup_stm32f103xe.o(.text)
    USART2_IRQHandler                        0x080001fb   Thumb Code     0  startup_stm32f103xe.o(.text)
    USBWakeUp_IRQHandler                     0x080001fb   Thumb Code     0  startup_stm32f103xe.o(.text)
    USB_HP_CAN1_TX_IRQHandler                0x080001fb   Thumb Code     0  startup_stm32f103xe.o(.text)
    USB_LP_CAN1_RX0_IRQHandler               0x080001fb   Thumb Code     0  startup_stm32f103xe.o(.text)
    WWDG_IRQHandler                          0x080001fb   Thumb Code     0  startup_stm32f103xe.o(.text)
    ___aeabi_memcpy8$move                    0x08000205   Thumb Code     0  memmovea.o(.text)
    __aeabi_memcpy                           0x08000205   Thumb Code    64  memmovea.o(.text)
    __aeabi_memcpy4                          0x08000205   Thumb Code     0  memmovea.o(.text)
    __aeabi_memmove                          0x08000205   Thumb Code     0  memmovea.o(.text)
    __aeabi_memmove4                         0x08000205   Thumb Code     0  memmovea.o(.text)
    __aeabi_memmove8                         0x08000205   Thumb Code     0  memmovea.o(.text)
    __aeabi_memset                           0x08000245   Thumb Code    14  memseta.o(.text)
    __aeabi_memset4                          0x08000245   Thumb Code     0  memseta.o(.text)
    __aeabi_memset8                          0x08000245   Thumb Code     0  memseta.o(.text)
    __aeabi_memclr                           0x08000253   Thumb Code     4  memseta.o(.text)
    __aeabi_memclr4                          0x08000253   Thumb Code     0  memseta.o(.text)
    __aeabi_memclr8                          0x08000253   Thumb Code     0  memseta.o(.text)
    _memset$wrapper                          0x08000257   Thumb Code    18  memseta.o(.text)
    strchr                                   0x08000269   Thumb Code    20  strchr.o(.text)
    memcmp                                   0x0800027d   Thumb Code    26  memcmp.o(.text)
    __aeabi_uidiv                            0x08000297   Thumb Code     0  uidiv.o(.text)
    __aeabi_uidivmod                         0x08000297   Thumb Code    44  uidiv.o(.text)
    __scatterload                            0x080002c5   Thumb Code    28  init.o(.text)
    __scatterload_rt2                        0x080002c5   Thumb Code     0  init.o(.text)
    __decompress                             0x080002e9   Thumb Code     0  __dczerorl2.o(.text)
    __decompress1                            0x080002e9   Thumb Code    86  __dczerorl2.o(.text)
    BusFault_Handler                         0x08000491   Thumb Code     2  stm32f1xx_it.o(i.BusFault_Handler)
    CalulateCRC                              0x080004f5   Thumb Code   102  mfrc522.o(i.CalulateCRC)
    ChangeKey                                0x0800055d   Thumb Code   194  mfrc522.o(i.ChangeKey)
    DebugMon_Handler                         0x080006fd   Thumb Code     2  stm32f1xx_it.o(i.DebugMon_Handler)
    EXTI0_IRQHandler                         0x080006ff   Thumb Code     6  stm32f1xx_it.o(i.EXTI0_IRQHandler)
    EXTI2_IRQHandler                         0x08000705   Thumb Code     6  stm32f1xx_it.o(i.EXTI2_IRQHandler)
    EXTI4_IRQHandler                         0x0800070b   Thumb Code     6  stm32f1xx_it.o(i.EXTI4_IRQHandler)
    Error_Handler                            0x08000711   Thumb Code     4  main.o(i.Error_Handler)
    FSMC_NORSRAM_Extended_Timing_Init        0x08000715   Thumb Code    56  stm32f1xx_ll_fsmc.o(i.FSMC_NORSRAM_Extended_Timing_Init)
    FSMC_NORSRAM_Init                        0x08000751   Thumb Code    98  stm32f1xx_ll_fsmc.o(i.FSMC_NORSRAM_Init)
    FSMC_NORSRAM_Timing_Init                 0x080007b9   Thumb Code    56  stm32f1xx_ll_fsmc.o(i.FSMC_NORSRAM_Timing_Init)
    HAL_DMA_Abort                            0x08000915   Thumb Code    70  stm32f1xx_hal_dma.o(i.HAL_DMA_Abort)
    HAL_DMA_Abort_IT                         0x0800095d   Thumb Code   296  stm32f1xx_hal_dma.o(i.HAL_DMA_Abort_IT)
    HAL_Delay                                0x08000a8d   Thumb Code    32  stm32f1xx_hal.o(i.HAL_Delay)
    HAL_GPIO_EXTI_Callback                   0x08000b19   Thumb Code    26  gpio.o(i.HAL_GPIO_EXTI_Callback)
    HAL_GPIO_EXTI_IRQHandler                 0x08000b35   Thumb Code    18  stm32f1xx_hal_gpio.o(i.HAL_GPIO_EXTI_IRQHandler)
    HAL_GPIO_Init                            0x08000b4d   Thumb Code   462  stm32f1xx_hal_gpio.o(i.HAL_GPIO_Init)
    HAL_GPIO_ReadPin                         0x08000d45   Thumb Code    10  stm32f1xx_hal_gpio.o(i.HAL_GPIO_ReadPin)
    HAL_GPIO_WritePin                        0x08000d4f   Thumb Code    10  stm32f1xx_hal_gpio.o(i.HAL_GPIO_WritePin)
    HAL_GetTick                              0x08000d59   Thumb Code     6  stm32f1xx_hal.o(i.HAL_GetTick)
    HAL_IncTick                              0x08000d65   Thumb Code    12  stm32f1xx_hal.o(i.HAL_IncTick)
    HAL_Init                                 0x08000d75   Thumb Code    32  stm32f1xx_hal.o(i.HAL_Init)
    HAL_InitTick                             0x08000d99   Thumb Code    54  stm32f1xx_hal.o(i.HAL_InitTick)
    HAL_MspInit                              0x08000dd9   Thumb Code    52  stm32f1xx_hal_msp.o(i.HAL_MspInit)
    HAL_NVIC_DisableIRQ                      0x08000e15   Thumb Code    34  stm32f1xx_hal_cortex.o(i.HAL_NVIC_DisableIRQ)
    HAL_NVIC_EnableIRQ                       0x08000e37   Thumb Code    26  stm32f1xx_hal_cortex.o(i.HAL_NVIC_EnableIRQ)
    HAL_NVIC_SetPriority                     0x08000e51   Thumb Code    60  stm32f1xx_hal_cortex.o(i.HAL_NVIC_SetPriority)
    HAL_NVIC_SetPriorityGrouping             0x08000e91   Thumb Code    26  stm32f1xx_hal_cortex.o(i.HAL_NVIC_SetPriorityGrouping)
    HAL_PWR_EnableBkUpAccess                 0x08000eb5   Thumb Code     8  stm32f1xx_hal_pwr.o(i.HAL_PWR_EnableBkUpAccess)
    HAL_RCCEx_GetPeriphCLKFreq               0x08000ec1   Thumb Code   166  stm32f1xx_hal_rcc_ex.o(i.HAL_RCCEx_GetPeriphCLKFreq)
    HAL_RCCEx_PeriphCLKConfig                0x08000f79   Thumb Code   224  stm32f1xx_hal_rcc_ex.o(i.HAL_RCCEx_PeriphCLKConfig)
    HAL_RCC_ClockConfig                      0x08001065   Thumb Code   280  stm32f1xx_hal_rcc.o(i.HAL_RCC_ClockConfig)
    HAL_RCC_GetPCLK1Freq                     0x08001191   Thumb Code    20  stm32f1xx_hal_rcc.o(i.HAL_RCC_GetPCLK1Freq)
    HAL_RCC_GetPCLK2Freq                     0x080011b1   Thumb Code    20  stm32f1xx_hal_rcc.o(i.HAL_RCC_GetPCLK2Freq)
    HAL_RCC_GetSysClockFreq                  0x080011d1   Thumb Code    58  stm32f1xx_hal_rcc.o(i.HAL_RCC_GetSysClockFreq)
    HAL_RCC_OscConfig                        0x0800121d   Thumb Code   778  stm32f1xx_hal_rcc.o(i.HAL_RCC_OscConfig)
    HAL_RTCEx_BKUPRead                       0x0800153d   Thumb Code    10  stm32f1xx_hal_rtc_ex.o(i.HAL_RTCEx_BKUPRead)
    HAL_RTCEx_BKUPWrite                      0x0800154d   Thumb Code    12  stm32f1xx_hal_rtc_ex.o(i.HAL_RTCEx_BKUPWrite)
    HAL_RTC_GetDate                          0x0800155d   Thumb Code    78  stm32f1xx_hal_rtc.o(i.HAL_RTC_GetDate)
    HAL_RTC_GetTime                          0x080015ab   Thumb Code   216  stm32f1xx_hal_rtc.o(i.HAL_RTC_GetTime)
    HAL_RTC_Init                             0x08001685   Thumb Code   144  stm32f1xx_hal_rtc.o(i.HAL_RTC_Init)
    HAL_RTC_MspInit                          0x08001719   Thumb Code    40  rtc.o(i.HAL_RTC_MspInit)
    HAL_RTC_SetDate                          0x0800174d   Thumb Code   192  stm32f1xx_hal_rtc.o(i.HAL_RTC_SetDate)
    HAL_RTC_SetTime                          0x08001811   Thumb Code   168  stm32f1xx_hal_rtc.o(i.HAL_RTC_SetTime)
    HAL_RTC_WaitForSynchro                   0x080018bd   Thumb Code    58  stm32f1xx_hal_rtc.o(i.HAL_RTC_WaitForSynchro)
    HAL_SPI_Init                             0x080018f7   Thumb Code   178  stm32f1xx_hal_spi.o(i.HAL_SPI_Init)
    HAL_SPI_MspInit                          0x080019a9   Thumb Code   162  spi.o(i.HAL_SPI_MspInit)
    HAL_SPI_Receive                          0x08001a61   Thumb Code   340  stm32f1xx_hal_spi.o(i.HAL_SPI_Receive)
    HAL_SPI_Transmit                         0x08001bb5   Thumb Code   358  stm32f1xx_hal_spi.o(i.HAL_SPI_Transmit)
    HAL_SPI_TransmitReceive                  0x08001d1b   Thumb Code   496  stm32f1xx_hal_spi.o(i.HAL_SPI_TransmitReceive)
    HAL_SRAM_Init                            0x08001f0b   Thumb Code   100  stm32f1xx_hal_sram.o(i.HAL_SRAM_Init)
    HAL_SRAM_MspInit                         0x08001f6f   Thumb Code     4  fsmc.o(i.HAL_SRAM_MspInit)
    HAL_SYSTICK_Config                       0x08001f73   Thumb Code    40  stm32f1xx_hal_cortex.o(i.HAL_SYSTICK_Config)
    HAL_UARTEx_ReceiveToIdle_IT              0x08001f9b   Thumb Code    78  stm32f1xx_hal_uart.o(i.HAL_UARTEx_ReceiveToIdle_IT)
    HAL_UARTEx_RxEventCallback               0x08001fe9   Thumb Code    12  usart.o(i.HAL_UARTEx_RxEventCallback)
    HAL_UART_ErrorCallback                   0x08001ff9   Thumb Code     2  stm32f1xx_hal_uart.o(i.HAL_UART_ErrorCallback)
    HAL_UART_IRQHandler                      0x08001ffd   Thumb Code   616  stm32f1xx_hal_uart.o(i.HAL_UART_IRQHandler)
    HAL_UART_Init                            0x08002269   Thumb Code   100  stm32f1xx_hal_uart.o(i.HAL_UART_Init)
    HAL_UART_MspInit                         0x080022cd   Thumb Code   270  usart.o(i.HAL_UART_MspInit)
    HAL_UART_Receive                         0x080023f5   Thumb Code   176  stm32f1xx_hal_uart.o(i.HAL_UART_Receive)
    HAL_UART_Receive_IT                      0x080024a5   Thumb Code    28  stm32f1xx_hal_uart.o(i.HAL_UART_Receive_IT)
    HAL_UART_RxCpltCallback                  0x080024c1   Thumb Code    24  usart.o(i.HAL_UART_RxCpltCallback)
    HAL_UART_Transmit                        0x080024e5   Thumb Code   160  stm32f1xx_hal_uart.o(i.HAL_UART_Transmit)
    HAL_UART_TxCpltCallback                  0x08002585   Thumb Code     2  stm32f1xx_hal_uart.o(i.HAL_UART_TxCpltCallback)
    HardFault_Handler                        0x08002589   Thumb Code    34  stm32f1xx_it.o(i.HardFault_Handler)
    ILI9341_BackLight_Control                0x080025b1   Thumb Code    20  ili9341.o(i.ILI9341_BackLight_Control)
    ILI9341_DrawCross                        0x080025c9   Thumb Code    46  ili9341.o(i.ILI9341_DrawCross)
    ILI9341_DrawFillRectangle                0x080025f9   Thumb Code    94  ili9341.o(i.ILI9341_DrawFillRectangle)
    ILI9341_DrawLine                         0x08002661   Thumb Code   164  ili9341.o(i.ILI9341_DrawLine)
    ILI9341_DrawPixel                        0x08002705   Thumb Code    36  ili9341.o(i.ILI9341_DrawPixel)
    ILI9341_DrawRectangle                    0x08002731   Thumb Code   128  ili9341.o(i.ILI9341_DrawRectangle)
    ILI9341_FillScreen                       0x080027b5   Thumb Code    58  ili9341.o(i.ILI9341_FillScreen)
    ILI9341_Init                             0x080027f9   Thumb Code   398  ili9341.o(i.ILI9341_Init)
    ILI9341_SetOrientation                   0x080029cd   Thumb Code   116  ili9341.o(i.ILI9341_SetOrientation)
    ILI9341_WriteChar                        0x08002a49   Thumb Code   122  ili9341.o(i.ILI9341_WriteChar)
    ILI9341_WriteLine                        0x08002add   Thumb Code   106  ili9341.o(i.ILI9341_WriteLine)
    ILI9341_WriteString                      0x08002b51   Thumb Code    96  ili9341.o(i.ILI9341_WriteString)
    M500PcdConfigISOType                     0x08002bb9   Thumb Code   100  mfrc522.o(i.M500PcdConfigISOType)
    MX_FSMC_Init                             0x08002c1d   Thumb Code   108  fsmc.o(i.MX_FSMC_Init)
    MX_GPIO_Init                             0x08002c95   Thumb Code   366  gpio.o(i.MX_GPIO_Init)
    MX_RTC_Init                              0x08002e25   Thumb Code   180  rtc.o(i.MX_RTC_Init)
    MX_SPI1_Init                             0x08002ee5   Thumb Code    62  spi.o(i.MX_SPI1_Init)
    MX_SPI2_Init                             0x08002f2d   Thumb Code    62  spi.o(i.MX_SPI2_Init)
    MX_USART1_UART_Init                      0x08002f75   Thumb Code    56  usart.o(i.MX_USART1_UART_Init)
    MX_USART2_UART_Init                      0x08002fb5   Thumb Code    48  usart.o(i.MX_USART2_UART_Init)
    MX_USART3_UART_Init                      0x08002fed   Thumb Code    54  usart.o(i.MX_USART3_UART_Init)
    MemManage_Handler                        0x08003031   Thumb Code     2  stm32f1xx_it.o(i.MemManage_Handler)
    Motor_Rotate_in_angle                    0x08003033   Thumb Code    68  uln2003.o(i.Motor_Rotate_in_angle)
    Motor_Rotate_in_count                    0x08003079   Thumb Code   302  uln2003.o(i.Motor_Rotate_in_count)
    Motor_Stop                               0x080031b1   Thumb Code    22  uln2003.o(i.Motor_Stop)
    NMI_Handler                              0x080031cd   Thumb Code     2  stm32f1xx_it.o(i.NMI_Handler)
    PcdAnticoll                              0x080032b1   Thumb Code   108  mfrc522.o(i.PcdAnticoll)
    PcdAuthState                             0x0800331d   Thumb Code    84  mfrc522.o(i.PcdAuthState)
    PcdComMF522                              0x08003371   Thumb Code   278  mfrc522.o(i.PcdComMF522)
    PcdHalt                                  0x08003487   Thumb Code    50  mfrc522.o(i.PcdHalt)
    PcdRead                                  0x080034b9   Thumb Code    76  mfrc522.o(i.PcdRead)
    PcdRequest                               0x08003505   Thumb Code    82  mfrc522.o(i.PcdRequest)
    PcdReset                                 0x08003559   Thumb Code   130  mfrc522.o(i.PcdReset)
    PcdSelect                                0x080035e1   Thumb Code   100  mfrc522.o(i.PcdSelect)
    PcdWrite                                 0x08003645   Thumb Code   132  mfrc522.o(i.PcdWrite)
    RC522_IRQHandler                         0x080036c9   Thumb Code    40  mfrc522.o(i.RC522_IRQHandler)
    RC522_Init                               0x080036f9   Thumb Code    28  mfrc522.o(i.RC522_Init)
    SPI_FLASH_BufferRead                     0x08003c6d   Thumb Code    72  w25q64.o(i.SPI_FLASH_BufferRead)
    SPI_FLASH_BufferWrite                    0x08003cb9   Thumb Code   188  w25q64.o(i.SPI_FLASH_BufferWrite)
    SPI_FLASH_Init                           0x08003d75   Thumb Code    20  w25q64.o(i.SPI_FLASH_Init)
    SPI_FLASH_PageWrite                      0x08003d91   Thumb Code    84  w25q64.o(i.SPI_FLASH_PageWrite)
    SPI_FLASH_ReadID                         0x08003de9   Thumb Code    54  w25q64.o(i.SPI_FLASH_ReadID)
    SPI_FLASH_SectorErase                    0x08003e25   Thumb Code    60  w25q64.o(i.SPI_FLASH_SectorErase)
    SPI_FLASH_SendByte                       0x08003e65   Thumb Code    32  w25q64.o(i.SPI_FLASH_SendByte)
    SPI_FLASH_WaitForWriteEnd                0x08003e89   Thumb Code    54  w25q64.o(i.SPI_FLASH_WaitForWriteEnd)
    SPI_FLASH_WriteEnable                    0x08003ec5   Thumb Code    22  w25q64.o(i.SPI_FLASH_WriteEnable)
    SPI_Flash_WAKEUP                         0x08003ee1   Thumb Code    22  w25q64.o(i.SPI_Flash_WAKEUP)
    Set_CurrentFont                          0x08003fcd   Thumb Code     6  fonts.o(i.Set_CurrentFont)
    SysTick_Handler                          0x08003fd9   Thumb Code    24  stm32f1xx_it.o(i.SysTick_Handler)
    SystemClock_Config                       0x08003ff1   Thumb Code   128  main.o(i.SystemClock_Config)
    SystemInit                               0x08004071   Thumb Code     2  system_stm32f1xx.o(i.SystemInit)
    UART_Start_Receive_IT                    0x0800424d   Thumb Code    54  stm32f1xx_hal_uart.o(i.UART_Start_Receive_IT)
    ULN2003_Init                             0x080042f5   Thumb Code     4  uln2003.o(i.ULN2003_Init)
    USART1_IRQHandler                        0x080042f9   Thumb Code     6  stm32f1xx_it.o(i.USART1_IRQHandler)
    USART3_IRQHandler                        0x08004305   Thumb Code     6  stm32f1xx_it.o(i.USART3_IRQHandler)
    UsageFault_Handler                       0x08004311   Thumb Code     2  stm32f1xx_it.o(i.UsageFault_Handler)
    XPT2046_Button_Delete                    0x08004361   Thumb Code    36  xpt2046.o(i.XPT2046_Button_Delete)
    XPT2046_Button_Detect                    0x08004389   Thumb Code    52  xpt2046.o(i.XPT2046_Button_Detect)
    XPT2046_Create_Button                    0x080043bd   Thumb Code    56  xpt2046.o(i.XPT2046_Create_Button)
    XPT2046_Init                             0x080043f9   Thumb Code    14  xpt2046.o(i.XPT2046_Init)
    XPT2046_Match_Button                     0x08004409   Thumb Code    54  xpt2046.o(i.XPT2046_Match_Button)
    XPT2046_TouchDetect                      0x08004445   Thumb Code   110  xpt2046.o(i.XPT2046_TouchDetect)
    XPT2046_TouchGetCoordinates              0x080044b9   Thumb Code   170  xpt2046.o(i.XPT2046_TouchGetCoordinates)
    XPT2046_TouchManualCalibrate             0x08004631   Thumb Code   462  xpt2046.o(i.XPT2046_TouchManualCalibrate)
    XPT2046_UpdateCalibrateParam             0x0800487d   Thumb Code   114  xpt2046.o(i.XPT2046_UpdateCalibrateParam)
    XPT2046_touch_handler                    0x080048f9   Thumb Code    40  xpt2046.o(i.XPT2046_touch_handler)
    ZW101_IRQHandler                         0x08004929   Thumb Code    40  zw101.o(i.ZW101_IRQHandler)
    __0printf$3                              0x08004959   Thumb Code    22  printf3.o(i.__0printf$3)
    __1printf$3                              0x08004959   Thumb Code     0  printf3.o(i.__0printf$3)
    __2printf                                0x08004959   Thumb Code     0  printf3.o(i.__0printf$3)
    __scatterload_copy                       0x08004999   Thumb Code    14  handlers.o(i.__scatterload_copy)
    __scatterload_null                       0x080049a7   Thumb Code     2  handlers.o(i.__scatterload_null)
    __scatterload_zeroinit                   0x080049a9   Thumb Code    14  handlers.o(i.__scatterload_zeroinit)
    admin_handler                            0x08004b71   Thumb Code  1890  for_whole_project.o(i.admin_handler)
    bt_clean_all_recv_buffer                 0x080052e5   Thumb Code    22  bt04_e.o(i.bt_clean_all_recv_buffer)
    bt_clean_recv_buffer                     0x08005301   Thumb Code    80  bt04_e.o(i.bt_clean_recv_buffer)
    bt_control_trandport                     0x08005355   Thumb Code    26  bt04_e.o(i.bt_control_trandport)
    bt_disconnect                            0x0800537d   Thumb Code    10  bt04_e.o(i.bt_disconnect)
    bt_get_info                              0x08005391   Thumb Code    76  bt04_e.o(i.bt_get_info)
    bt_idle_handler                          0x080053e9   Thumb Code   106  bt04_e.o(i.bt_idle_handler)
    bt_init                                  0x08005469   Thumb Code    74  bt04_e.o(i.bt_init)
    bt_recv_data                             0x080054bd   Thumb Code    46  bt04_e.o(i.bt_recv_data)
    bt_send_cmd_with_ok                      0x080054f1   Thumb Code   112  bt04_e.o(i.bt_send_cmd_with_ok)
    bt_send_cmd_without_ok                   0x08005561   Thumb Code    62  bt04_e.o(i.bt_send_cmd_without_ok)
    delay_us                                 0x08005be5   Thumb Code    14  for_whole_project.o(i.delay_us)
    disk_initialize                          0x08005e01   Thumb Code    34  diskio.o(i.disk_initialize)
    disk_ioctl                               0x08005e23   Thumb Code    44  diskio.o(i.disk_ioctl)
    disk_read                                0x08005e4f   Thumb Code    48  diskio.o(i.disk_read)
    disk_status                              0x08005e81   Thumb Code    24  diskio.o(i.disk_status)
    disk_write                               0x08005e9d   Thumb Code    60  diskio.o(i.disk_write)
    f_close                                  0x08005ed9   Thumb Code    30  ff.o(i.f_close)
    f_lseek                                  0x08005ef7   Thumb Code   336  ff.o(i.f_lseek)
    f_mkfs                                   0x08006049   Thumb Code  1450  ff.o(i.f_mkfs)
    f_mount                                  0x08006601   Thumb Code    72  ff.o(i.f_mount)
    f_open                                   0x0800664d   Thumb Code   448  ff.o(i.f_open)
    f_read                                   0x0800680d   Thumb Code   364  ff.o(i.f_read)
    f_sync                                   0x08006979   Thumb Code   142  ff.o(i.f_sync)
    f_write                                  0x08006a07   Thumb Code   418  ff.o(i.f_write)
    fputc                                    0x08006c6d   Thumb Code    20  usart.o(i.fputc)
    get_fattime                              0x08006d6d   Thumb Code    80  diskio.o(i.get_fattime)
    main                                     0x08006e41   Thumb Code    84  main.o(i.main)
    press_callback                           0x080071b5   Thumb Code   548  button_keyboard.o(i.press_callback)
    proj_check_passwd                        0x080074c5   Thumb Code   418  for_whole_project.o(i.proj_check_passwd)
    proj_clear_echo_area                     0x08007771   Thumb Code    44  button_keyboard.o(i.proj_clear_echo_area)
    proj_clear_echo_data                     0x080077a9   Thumb Code    24  button_keyboard.o(i.proj_clear_echo_data)
    proj_create_task                         0x080077c9   Thumb Code   178  project_task.o(i.proj_create_task)
    proj_init                                0x080078d9   Thumb Code   246  for_whole_project.o(i.proj_init)
    proj_show_keyboard                       0x08007a01   Thumb Code   460  button_keyboard.o(i.proj_show_keyboard)
    proj_show_keyboard_again                 0x08007be1   Thumb Code   276  button_keyboard.o(i.proj_show_keyboard_again)
    proj_show_time                           0x08007d01   Thumb Code   202  for_whole_project.o(i.proj_show_time)
    pvPortMalloc                             0x080086c5   Thumb Code   214  heap_4.o(i.pvPortMalloc)
    pvTaskIncrementMutexHeldCount            0x080087d9   Thumb Code    18  tasks.o(i.pvTaskIncrementMutexHeldCount)
    pxPortInitialiseStack                    0x080087f1   Thumb Code    32  port.o(i.pxPortInitialiseStack)
    release_callback                         0x08008815   Thumb Code    14  button_keyboard.o(i.release_callback)
    show_passwd                              0x080088ad   Thumb Code    30  for_whole_project.o(i.show_passwd)
    uxListRemove                             0x080089e3   Thumb Code    36  list.o(i.uxListRemove)
    vApplicationIdleHook                     0x08008a09   Thumb Code    34  for_whole_project.o(i.vApplicationIdleHook)
    vListInitialise                          0x08008a31   Thumb Code    22  list.o(i.vListInitialise)
    vListInitialiseItem                      0x08008a47   Thumb Code     6  list.o(i.vListInitialiseItem)
    vListInsert                              0x08008a4d   Thumb Code    48  list.o(i.vListInsert)
    vListInsertEnd                           0x08008a7d   Thumb Code    24  list.o(i.vListInsertEnd)
    vPortEnterCritical                       0x08008a95   Thumb Code    50  port.o(i.vPortEnterCritical)
    vPortExitCritical                        0x08008b0d   Thumb Code    34  port.o(i.vPortExitCritical)
    vPortFree                                0x08008b71   Thumb Code    94  heap_4.o(i.vPortFree)
    vPortSetupTimerInterrupt                 0x08008c0d   Thumb Code    26  port.o(i.vPortSetupTimerInterrupt)
    vPortValidateInterruptPriority           0x08008c2d   Thumb Code    70  port.o(i.vPortValidateInterruptPriority)
    vQueueAddToRegistry                      0x08008cb9   Thumb Code    34  queue.o(i.vQueueAddToRegistry)
    vQueueWaitForMessageRestricted           0x08008ce1   Thumb Code    68  queue.o(i.vQueueWaitForMessageRestricted)
    vTaskDelay                               0x08008d25   Thumb Code    62  tasks.o(i.vTaskDelay)
    vTaskMissedYield                         0x08008d9d   Thumb Code     8  tasks.o(i.vTaskMissedYield)
    vTaskPlaceOnEventList                    0x08008da9   Thumb Code    44  tasks.o(i.vTaskPlaceOnEventList)
    vTaskPlaceOnEventListRestricted          0x08008e09   Thumb Code    52  tasks.o(i.vTaskPlaceOnEventListRestricted)
    vTaskPriorityInherit                     0x08008e71   Thumb Code   124  tasks.o(i.vTaskPriorityInherit)
    vTaskSetTimeOutState                     0x08008ef5   Thumb Code    30  tasks.o(i.vTaskSetTimeOutState)
    vTaskStartScheduler                      0x08008f49   Thumb Code    96  tasks.o(i.vTaskStartScheduler)
    vTaskSuspendAll                          0x08008fe9   Thumb Code    10  tasks.o(i.vTaskSuspendAll)
    vTaskSwitchContext                       0x08008ff9   Thumb Code    80  tasks.o(i.vTaskSwitchContext)
    xPortStartScheduler                      0x080090b5   Thumb Code   102  port.o(i.xPortStartScheduler)
    xPortSysTickHandler                      0x08009129   Thumb Code    38  port.o(i.xPortSysTickHandler)
    xQueueGenericCreate                      0x08009155   Thumb Code    68  queue.o(i.xQueueGenericCreate)
    xQueueGenericReceive                     0x080091c9   Thumb Code   348  queue.o(i.xQueueGenericReceive)
    xQueueGenericReset                       0x08009359   Thumb Code   128  queue.o(i.xQueueGenericReset)
    xQueueGenericSend                        0x0800940d   Thumb Code   330  queue.o(i.xQueueGenericSend)
    xQueueGenericSendFromISR                 0x0800958d   Thumb Code   176  queue.o(i.xQueueGenericSendFromISR)
    xQueueGiveFromISR                        0x0800966d   Thumb Code   144  queue.o(i.xQueueGiveFromISR)
    xTaskCheckForTimeOut                     0x0800972d   Thumb Code    94  tasks.o(i.xTaskCheckForTimeOut)
    xTaskCreate                              0x080097c1   Thumb Code    86  tasks.o(i.xTaskCreate)
    xTaskGetSchedulerState                   0x08009819   Thumb Code    22  tasks.o(i.xTaskGetSchedulerState)
    xTaskGetTickCount                        0x08009835   Thumb Code     6  tasks.o(i.xTaskGetTickCount)
    xTaskIncrementTick                       0x08009841   Thumb Code   188  tasks.o(i.xTaskIncrementTick)
    xTaskPriorityDisinherit                  0x08009935   Thumb Code   136  tasks.o(i.xTaskPriorityDisinherit)
    xTaskRemoveFromEventList                 0x080099f5   Thumb Code   102  tasks.o(i.xTaskRemoveFromEventList)
    xTaskResumeAll                           0x08009a99   Thumb Code   182  tasks.o(i.xTaskResumeAll)
    xTimerCreate                             0x08009b8d   Thumb Code    74  timers.o(i.xTimerCreate)
    xTimerCreateTimerTask                    0x08009c0d   Thumb Code    58  timers.o(i.xTimerCreateTimerTask)
    xTimerGenericCommand                     0x08009c8d   Thumb Code    96  timers.o(i.xTimerGenericCommand)
    zw101_GetIRQStatue                       0x08009d25   Thumb Code   104  zw101.o(i.zw101_GetIRQStatue)
    zw101_check_FP                           0x08009d95   Thumb Code   208  zw101.o(i.zw101_check_FP)
    zw101_delete_FP                          0x08009ecd   Thumb Code    42  zw101.o(i.zw101_delete_FP)
    zw101_init                               0x08009f0d   Thumb Code    44  zw101.o(i.zw101_init)
    zw101_led_control                        0x08009f3d   Thumb Code    52  zw101.o(i.zw101_led_control)
    zw101_led_set_rgb                        0x08009f71   Thumb Code    24  zw101.o(i.zw101_led_set_rgb)
    zw101_led_switch                         0x08009f8d   Thumb Code    36  zw101.o(i.zw101_led_switch)
    zw101_power_control                      0x08009fb1   Thumb Code    20  zw101.o(i.zw101_power_control)
    zw101_read_FP_info                       0x08009fc9   Thumb Code    92  zw101.o(i.zw101_read_FP_info)
    zw101_register_FP                        0x0800a0e1   Thumb Code   272  zw101.o(i.zw101_register_FP)
    zw101_shand_shake                        0x0800a2ed   Thumb Code    26  zw101.o(i.zw101_shand_shake)
    zw101_sleep                              0x0800a307   Thumb Code    32  zw101.o(i.zw101_sleep)
    zw101_wakeup                             0x0800a327   Thumb Code    18  zw101.o(i.zw101_wakeup)
    AHBPrescTable                            0x0800b8e9   Data          16  system_stm32f1xx.o(.constdata)
    APBPrescTable                            0x0800b8f9   Data           8  system_stm32f1xx.o(.constdata)
    Region$$Table$$Base                      0x0800b948   Number         0  anon$$obj.o(Region$$Table)
    Region$$Table$$Limit                     0x0800b968   Number         0  anon$$obj.o(Region$$Table)
    Font_7x10                                0x20000000   Data           8  fonts.o(.data)
    Font_11x18                               0x20000008   Data           8  fonts.o(.data)
    CurrentFont                              0x20000010   Data           4  fonts.o(.data)
    ILI9341_X_Scale                          0x20000014   Data           2  ili9341.o(.data)
    ILI9341_Y_Scale                          0x20000016   Data           2  ili9341.o(.data)
    ILI9341_ScanMode                         0x20000018   Data           2  ili9341.o(.data)
    XPT2046_Button_List_Size                 0x2000001d   Data           1  xpt2046.o(.data)
    XPT2046_MaxRefRAW_X                      0x20000020   Data           2  xpt2046.o(.data)
    XPT2046_MaxRefRAW_Y                      0x20000022   Data           2  xpt2046.o(.data)
    XPT2046_MinRefRAW_X                      0x20000024   Data           2  xpt2046.o(.data)
    XPT2046_MinRefRAW_Y                      0x20000026   Data           2  xpt2046.o(.data)
    fp_EnrollTimes                           0x2000005a   Data           2  zw101.o(.data)
    fp_TempSize                              0x2000005c   Data           2  zw101.o(.data)
    fp_DataBaseSize                          0x2000005e   Data           2  zw101.o(.data)
    fp_ScoreLevel                            0x20000060   Data           2  zw101.o(.data)
    fp_PktSize                               0x20000062   Data           2  zw101.o(.data)
    fp_BaudRate                              0x20000064   Data           2  zw101.o(.data)
    fp_DeviceAddress                         0x2000006c   Data           4  zw101.o(.data)
    ucBlock                                  0x20000070   Data           1  for_whole_project.o(.data)
    bt_finish_init                           0x20000071   Data           1  for_whole_project.o(.data)
    max_user_count                           0x20000072   Data           2  for_whole_project.o(.data)
    useful_user_count                        0x20000074   Data           2  for_whole_project.o(.data)
    used_user_passwd                         0x2000007c   Data           4  for_whole_project.o(.data)
    unused_user_passwd                       0x20000080   Data           4  for_whole_project.o(.data)
    used_user_fp                             0x20000084   Data           4  for_whole_project.o(.data)
    unused_user_fp                           0x20000088   Data           4  for_whole_project.o(.data)
    used_user_rfid                           0x2000008c   Data           4  for_whole_project.o(.data)
    unused_user_rfid                         0x20000090   Data           4  for_whole_project.o(.data)
    KeyValue_A                               0x200000a0   Data           6  for_whole_project.o(.data)
    OpenLock_Semaphore                       0x200000d4   Data           4  project_task.o(.data)
    ButtonEvent_Semaphore                    0x200000d8   Data           4  project_task.o(.data)
    Fingerprint_Semaphore                    0x200000dc   Data           4  project_task.o(.data)
    RFID_Semaphore                           0x200000e0   Data           4  project_task.o(.data)
    BT_Semaphore                             0x200000e4   Data           4  project_task.o(.data)
    RecvFlag                                 0x20000110   Data           1  usart.o(.data)
    uwTickFreq                               0x20000114   Data           1  stm32f1xx_hal.o(.data)
    uwTickPrio                               0x20000118   Data           4  stm32f1xx_hal.o(.data)
    uwTick                                   0x2000011c   Data           4  stm32f1xx_hal.o(.data)
    SystemCoreClock                          0x20000120   Data           4  system_stm32f1xx.o(.data)
    pxCurrentTCB                             0x20000124   Data           4  tasks.o(.data)
    __stdout                                 0x20000198   Data           4  stdout.o(.data)
    bt_recv_buffer                           0x2000019c   Data         153  bt04_e.o(.bss)
    zw101_send_packet                        0x20000235   Data          20  zw101.o(.bss)
    zw101_recv_packet                        0x20000249   Data          50  zw101.o(.bss)
    projfs                                   0x2000027c   Data        4148  for_whole_project.o(.bss)
    XPT2046_Button                           0x200062e4   Data         288  button_keyboard.o(.bss)
    hsram1                                   0x20006404   Data          72  fsmc.o(.bss)
    hrtc                                     0x2000644c   Data          20  rtc.o(.bss)
    hspi1                                    0x20006460   Data          88  spi.o(.bss)
    hspi2                                    0x200064b8   Data          88  spi.o(.bss)
    RecvBuffer                               0x20006510   Data          10  usart.o(.bss)
    huart1                                   0x2000651c   Data          72  usart.o(.bss)
    huart2                                   0x20006564   Data          72  usart.o(.bss)
    huart3                                   0x200065ac   Data          72  usart.o(.bss)
    xQueueRegistry                           0x200065f4   Data          80  queue.o(.bss)
    __initial_sp                             0x2000fd50   Data           0  startup_stm32f103xe.o(STACK)



==============================================================================

Memory Map of the image

  Image Entry point : 0x08000131

  Load Region LR_IROM1 (Base: 0x08000000, Size: 0x0000bb04, Max: 0x00080000, ABSOLUTE, COMPRESSED[0x0000b9e4])

    Execution Region ER_IROM1 (Exec base: 0x08000000, Load base: 0x08000000, Size: 0x0000b968, Max: 0x00080000, ABSOLUTE)

    Exec Addr    Load Addr    Size         Type   Attr      Idx    E Section Name        Object

    0x08000000   0x08000000   0x00000130   Data   RO            3    RESET               startup_stm32f103xe.o
    0x08000130   0x08000130   0x00000000   Code   RO         5165  * .ARM.Collect$$$$00000000  mc_w.l(entry.o)
    0x08000130   0x08000130   0x00000004   Code   RO         5455    .ARM.Collect$$$$00000001  mc_w.l(entry2.o)
    0x08000134   0x08000134   0x00000004   Code   RO         5458    .ARM.Collect$$$$00000004  mc_w.l(entry5.o)
    0x08000138   0x08000138   0x00000000   Code   RO         5460    .ARM.Collect$$$$00000008  mc_w.l(entry7b.o)
    0x08000138   0x08000138   0x00000000   Code   RO         5462    .ARM.Collect$$$$0000000A  mc_w.l(entry8b.o)
    0x08000138   0x08000138   0x00000008   Code   RO         5463    .ARM.Collect$$$$0000000B  mc_w.l(entry9a.o)
    0x08000140   0x08000140   0x00000004   Code   RO         5470    .ARM.Collect$$$$0000000E  mc_w.l(entry12b.o)
    0x08000144   0x08000144   0x00000000   Code   RO         5465    .ARM.Collect$$$$0000000F  mc_w.l(entry10a.o)
    0x08000144   0x08000144   0x00000000   Code   RO         5467    .ARM.Collect$$$$00000011  mc_w.l(entry11a.o)
    0x08000144   0x08000144   0x00000004   Code   RO         5456    .ARM.Collect$$$$00002712  mc_w.l(entry2.o)
    0x08000148   0x08000148   0x00000096   Code   RO         5088    .emb_text           port.o
    0x080001de   0x080001de   0x00000002   PAD
    0x080001e0   0x080001e0   0x00000024   Code   RO            4    .text               startup_stm32f103xe.o
    0x08000204   0x08000204   0x00000040   Code   RO         5172    .text               mc_w.l(memmovea.o)
    0x08000244   0x08000244   0x00000024   Code   RO         5174    .text               mc_w.l(memseta.o)
    0x08000268   0x08000268   0x00000014   Code   RO         5176    .text               mc_w.l(strchr.o)
    0x0800027c   0x0800027c   0x0000001a   Code   RO         5178    .text               mc_w.l(memcmp.o)
    0x08000296   0x08000296   0x0000002c   Code   RO         5472    .text               mc_w.l(uidiv.o)
    0x080002c2   0x080002c2   0x00000002   PAD
    0x080002c4   0x080002c4   0x00000024   Code   RO         5489    .text               mc_w.l(init.o)
    0x080002e8   0x080002e8   0x00000056   Code   RO         5503    .text               mc_w.l(__dczerorl2.o)
    0x0800033e   0x0800033e   0x00000002   PAD
    0x08000340   0x08000340   0x00000150   Code   RO         1491    i.BT_Task           project_task.o
    0x08000490   0x08000490   0x00000002   Code   RO         1896    i.BusFault_Handler  stm32f1xx_it.o
    0x08000492   0x08000492   0x00000002   PAD
    0x08000494   0x08000494   0x00000060   Code   RO         1492    i.Button_Task       project_task.o
    0x080004f4   0x080004f4   0x00000066   Code   RO          957    i.CalulateCRC       mfrc522.o
    0x0800055a   0x0800055a   0x00000002   PAD
    0x0800055c   0x0800055c   0x00000188   Code   RO          958    i.ChangeKey         mfrc522.o
    0x080006e4   0x080006e4   0x00000018   Code   RO          959    i.ClearBitMask      mfrc522.o
    0x080006fc   0x080006fc   0x00000002   Code   RO         1897    i.DebugMon_Handler  stm32f1xx_it.o
    0x080006fe   0x080006fe   0x00000006   Code   RO         1898    i.EXTI0_IRQHandler  stm32f1xx_it.o
    0x08000704   0x08000704   0x00000006   Code   RO         1899    i.EXTI2_IRQHandler  stm32f1xx_it.o
    0x0800070a   0x0800070a   0x00000006   Code   RO         1900    i.EXTI4_IRQHandler  stm32f1xx_it.o
    0x08000710   0x08000710   0x00000004   Code   RO         1605    i.Error_Handler     main.o
    0x08000714   0x08000714   0x0000003c   Code   RO         2058    i.FSMC_NORSRAM_Extended_Timing_Init  stm32f1xx_ll_fsmc.o
    0x08000750   0x08000750   0x00000068   Code   RO         2059    i.FSMC_NORSRAM_Init  stm32f1xx_ll_fsmc.o
    0x080007b8   0x080007b8   0x0000003c   Code   RO         2060    i.FSMC_NORSRAM_Timing_Init  stm32f1xx_ll_fsmc.o
    0x080007f4   0x080007f4   0x00000120   Code   RO         1493    i.Fingerprint_Task  project_task.o
    0x08000914   0x08000914   0x00000046   Code   RO         2557    i.HAL_DMA_Abort     stm32f1xx_hal_dma.o
    0x0800095a   0x0800095a   0x00000002   PAD
    0x0800095c   0x0800095c   0x00000130   Code   RO         2558    i.HAL_DMA_Abort_IT  stm32f1xx_hal_dma.o
    0x08000a8c   0x08000a8c   0x00000024   Code   RO         2183    i.HAL_Delay         stm32f1xx_hal.o
    0x08000ab0   0x08000ab0   0x00000068   Code   RO         1679    i.HAL_FSMC_MspInit  fsmc.o
    0x08000b18   0x08000b18   0x0000001a   Code   RO         1645    i.HAL_GPIO_EXTI_Callback  gpio.o
    0x08000b32   0x08000b32   0x00000002   PAD
    0x08000b34   0x08000b34   0x00000018   Code   RO         2492    i.HAL_GPIO_EXTI_IRQHandler  stm32f1xx_hal_gpio.o
    0x08000b4c   0x08000b4c   0x000001f8   Code   RO         2493    i.HAL_GPIO_Init     stm32f1xx_hal_gpio.o
    0x08000d44   0x08000d44   0x0000000a   Code   RO         2495    i.HAL_GPIO_ReadPin  stm32f1xx_hal_gpio.o
    0x08000d4e   0x08000d4e   0x0000000a   Code   RO         2497    i.HAL_GPIO_WritePin  stm32f1xx_hal_gpio.o
    0x08000d58   0x08000d58   0x0000000c   Code   RO         2187    i.HAL_GetTick       stm32f1xx_hal.o
    0x08000d64   0x08000d64   0x00000010   Code   RO         2193    i.HAL_IncTick       stm32f1xx_hal.o
    0x08000d74   0x08000d74   0x00000024   Code   RO         2194    i.HAL_Init          stm32f1xx_hal.o
    0x08000d98   0x08000d98   0x00000040   Code   RO         2195    i.HAL_InitTick      stm32f1xx_hal.o
    0x08000dd8   0x08000dd8   0x0000003c   Code   RO         1990    i.HAL_MspInit       stm32f1xx_hal_msp.o
    0x08000e14   0x08000e14   0x00000022   Code   RO         2652    i.HAL_NVIC_DisableIRQ  stm32f1xx_hal_cortex.o
    0x08000e36   0x08000e36   0x0000001a   Code   RO         2653    i.HAL_NVIC_EnableIRQ  stm32f1xx_hal_cortex.o
    0x08000e50   0x08000e50   0x00000040   Code   RO         2659    i.HAL_NVIC_SetPriority  stm32f1xx_hal_cortex.o
    0x08000e90   0x08000e90   0x00000024   Code   RO         2660    i.HAL_NVIC_SetPriorityGrouping  stm32f1xx_hal_cortex.o
    0x08000eb4   0x08000eb4   0x0000000c   Code   RO         2775    i.HAL_PWR_EnableBkUpAccess  stm32f1xx_hal_pwr.o
    0x08000ec0   0x08000ec0   0x000000b8   Code   RO         2454    i.HAL_RCCEx_GetPeriphCLKFreq  stm32f1xx_hal_rcc_ex.o
    0x08000f78   0x08000f78   0x000000ec   Code   RO         2455    i.HAL_RCCEx_PeriphCLKConfig  stm32f1xx_hal_rcc_ex.o
    0x08001064   0x08001064   0x0000012c   Code   RO         2351    i.HAL_RCC_ClockConfig  stm32f1xx_hal_rcc.o
    0x08001190   0x08001190   0x00000020   Code   RO         2358    i.HAL_RCC_GetPCLK1Freq  stm32f1xx_hal_rcc.o
    0x080011b0   0x080011b0   0x00000020   Code   RO         2359    i.HAL_RCC_GetPCLK2Freq  stm32f1xx_hal_rcc.o
    0x080011d0   0x080011d0   0x0000004c   Code   RO         2360    i.HAL_RCC_GetSysClockFreq  stm32f1xx_hal_rcc.o
    0x0800121c   0x0800121c   0x00000320   Code   RO         2363    i.HAL_RCC_OscConfig  stm32f1xx_hal_rcc.o
    0x0800153c   0x0800153c   0x00000010   Code   RO         3458    i.HAL_RTCEx_BKUPRead  stm32f1xx_hal_rtc_ex.o
    0x0800154c   0x0800154c   0x00000010   Code   RO         3459    i.HAL_RTCEx_BKUPWrite  stm32f1xx_hal_rtc_ex.o
    0x0800155c   0x0800155c   0x0000004e   Code   RO         3293    i.HAL_RTC_GetDate   stm32f1xx_hal_rtc.o
    0x080015aa   0x080015aa   0x000000d8   Code   RO         3295    i.HAL_RTC_GetTime   stm32f1xx_hal_rtc.o
    0x08001682   0x08001682   0x00000002   PAD
    0x08001684   0x08001684   0x00000094   Code   RO         3296    i.HAL_RTC_Init      stm32f1xx_hal_rtc.o
    0x08001718   0x08001718   0x00000034   Code   RO         1728    i.HAL_RTC_MspInit   rtc.o
    0x0800174c   0x0800174c   0x000000c4   Code   RO         3302    i.HAL_RTC_SetDate   stm32f1xx_hal_rtc.o
    0x08001810   0x08001810   0x000000ac   Code   RO         3303    i.HAL_RTC_SetTime   stm32f1xx_hal_rtc.o
    0x080018bc   0x080018bc   0x0000003a   Code   RO         3304    i.HAL_RTC_WaitForSynchro  stm32f1xx_hal_rtc.o
    0x080018f6   0x080018f6   0x000000b2   Code   RO         3571    i.HAL_SPI_Init      stm32f1xx_hal_spi.o
    0x080019a8   0x080019a8   0x000000b8   Code   RO         1770    i.HAL_SPI_MspInit   spi.o
    0x08001a60   0x08001a60   0x00000154   Code   RO         3574    i.HAL_SPI_Receive   stm32f1xx_hal_spi.o
    0x08001bb4   0x08001bb4   0x00000166   Code   RO         3579    i.HAL_SPI_Transmit  stm32f1xx_hal_spi.o
    0x08001d1a   0x08001d1a   0x000001f0   Code   RO         3580    i.HAL_SPI_TransmitReceive  stm32f1xx_hal_spi.o
    0x08001f0a   0x08001f0a   0x00000064   Code   RO         3157    i.HAL_SRAM_Init     stm32f1xx_hal_sram.o
    0x08001f6e   0x08001f6e   0x00000004   Code   RO         1681    i.HAL_SRAM_MspInit  fsmc.o
    0x08001f72   0x08001f72   0x00000028   Code   RO         2664    i.HAL_SYSTICK_Config  stm32f1xx_hal_cortex.o
    0x08001f9a   0x08001f9a   0x0000004e   Code   RO         3929    i.HAL_UARTEx_ReceiveToIdle_IT  stm32f1xx_hal_uart.o
    0x08001fe8   0x08001fe8   0x00000010   Code   RO         1817    i.HAL_UARTEx_RxEventCallback  usart.o
    0x08001ff8   0x08001ff8   0x00000002   Code   RO         3944    i.HAL_UART_ErrorCallback  stm32f1xx_hal_uart.o
    0x08001ffa   0x08001ffa   0x00000002   PAD
    0x08001ffc   0x08001ffc   0x0000026c   Code   RO         3947    i.HAL_UART_IRQHandler  stm32f1xx_hal_uart.o
    0x08002268   0x08002268   0x00000064   Code   RO         3948    i.HAL_UART_Init     stm32f1xx_hal_uart.o
    0x080022cc   0x080022cc   0x00000128   Code   RO         1819    i.HAL_UART_MspInit  usart.o
    0x080023f4   0x080023f4   0x000000b0   Code   RO         3951    i.HAL_UART_Receive  stm32f1xx_hal_uart.o
    0x080024a4   0x080024a4   0x0000001c   Code   RO         3953    i.HAL_UART_Receive_IT  stm32f1xx_hal_uart.o
    0x080024c0   0x080024c0   0x00000024   Code   RO         1820    i.HAL_UART_RxCpltCallback  usart.o
    0x080024e4   0x080024e4   0x000000a0   Code   RO         3956    i.HAL_UART_Transmit  stm32f1xx_hal_uart.o
    0x08002584   0x08002584   0x00000002   Code   RO         3959    i.HAL_UART_TxCpltCallback  stm32f1xx_hal_uart.o
    0x08002586   0x08002586   0x00000002   PAD
    0x08002588   0x08002588   0x00000028   Code   RO         1901    i.HardFault_Handler  stm32f1xx_it.o
    0x080025b0   0x080025b0   0x00000018   Code   RO           42    i.ILI9341_BackLight_Control  ili9341.o
    0x080025c8   0x080025c8   0x0000002e   Code   RO           44    i.ILI9341_DrawCross  ili9341.o
    0x080025f6   0x080025f6   0x00000002   PAD
    0x080025f8   0x080025f8   0x00000068   Code   RO           45    i.ILI9341_DrawFillRectangle  ili9341.o
    0x08002660   0x08002660   0x000000a4   Code   RO           49    i.ILI9341_DrawLine  ili9341.o
    0x08002704   0x08002704   0x0000002c   Code   RO           50    i.ILI9341_DrawPixel  ili9341.o
    0x08002730   0x08002730   0x00000084   Code   RO           51    i.ILI9341_DrawRectangle  ili9341.o
    0x080027b4   0x080027b4   0x00000044   Code   RO           53    i.ILI9341_FillScreen  ili9341.o
    0x080027f8   0x080027f8   0x00000198   Code   RO           54    i.ILI9341_Init      ili9341.o
    0x08002990   0x08002990   0x0000003c   Code   RO           56    i.ILI9341_SetAddressWindow  ili9341.o
    0x080029cc   0x080029cc   0x0000007c   Code   RO           57    i.ILI9341_SetOrientation  ili9341.o
    0x08002a48   0x08002a48   0x00000080   Code   RO           59    i.ILI9341_WriteChar  ili9341.o
    0x08002ac8   0x08002ac8   0x00000014   Code   RO           60    i.ILI9341_WriteDataMultiple  ili9341.o
    0x08002adc   0x08002adc   0x00000074   Code   RO           61    i.ILI9341_WriteLine  ili9341.o
    0x08002b50   0x08002b50   0x00000068   Code   RO           62    i.ILI9341_WriteString  ili9341.o
    0x08002bb8   0x08002bb8   0x00000064   Code   RO          961    i.M500PcdConfigISOType  mfrc522.o
    0x08002c1c   0x08002c1c   0x00000078   Code   RO         1682    i.MX_FSMC_Init      fsmc.o
    0x08002c94   0x08002c94   0x00000190   Code   RO         1646    i.MX_GPIO_Init      gpio.o
    0x08002e24   0x08002e24   0x000000c0   Code   RO         1729    i.MX_RTC_Init       rtc.o
    0x08002ee4   0x08002ee4   0x00000048   Code   RO         1771    i.MX_SPI1_Init      spi.o
    0x08002f2c   0x08002f2c   0x00000048   Code   RO         1772    i.MX_SPI2_Init      spi.o
    0x08002f74   0x08002f74   0x00000040   Code   RO         1821    i.MX_USART1_UART_Init  usart.o
    0x08002fb4   0x08002fb4   0x00000038   Code   RO         1822    i.MX_USART2_UART_Init  usart.o
    0x08002fec   0x08002fec   0x00000044   Code   RO         1823    i.MX_USART3_UART_Init  usart.o
    0x08003030   0x08003030   0x00000002   Code   RO         1902    i.MemManage_Handler  stm32f1xx_it.o
    0x08003032   0x08003032   0x00000044   Code   RO         1131    i.Motor_Rotate_in_angle  uln2003.o
    0x08003076   0x08003076   0x00000002   PAD
    0x08003078   0x08003078   0x00000138   Code   RO         1132    i.Motor_Rotate_in_count  uln2003.o
    0x080031b0   0x080031b0   0x0000001c   Code   RO         1133    i.Motor_Stop        uln2003.o
    0x080031cc   0x080031cc   0x00000002   Code   RO         1903    i.NMI_Handler       stm32f1xx_it.o
    0x080031ce   0x080031ce   0x00000002   PAD
    0x080031d0   0x080031d0   0x000000e0   Code   RO         1494    i.OpenLock_Task     project_task.o
    0x080032b0   0x080032b0   0x0000006c   Code   RO          962    i.PcdAnticoll       mfrc522.o
    0x0800331c   0x0800331c   0x00000054   Code   RO          963    i.PcdAuthState      mfrc522.o
    0x08003370   0x08003370   0x00000116   Code   RO          964    i.PcdComMF522       mfrc522.o
    0x08003486   0x08003486   0x00000032   Code   RO          965    i.PcdHalt           mfrc522.o
    0x080034b8   0x080034b8   0x0000004c   Code   RO          966    i.PcdRead           mfrc522.o
    0x08003504   0x08003504   0x00000052   Code   RO          968    i.PcdRequest        mfrc522.o
    0x08003556   0x08003556   0x00000002   PAD
    0x08003558   0x08003558   0x00000088   Code   RO          969    i.PcdReset          mfrc522.o
    0x080035e0   0x080035e0   0x00000064   Code   RO          970    i.PcdSelect         mfrc522.o
    0x08003644   0x08003644   0x00000084   Code   RO          971    i.PcdWrite          mfrc522.o
    0x080036c8   0x080036c8   0x00000030   Code   RO          973    i.RC522_IRQHandler  mfrc522.o
    0x080036f8   0x080036f8   0x00000020   Code   RO          974    i.RC522_Init        mfrc522.o
    0x08003718   0x08003718   0x0000025c   Code   RO         1495    i.RFID_Task         project_task.o
    0x08003974   0x08003974   0x00000012   Code   RO         3305    i.RTC_Bcd2ToByte    stm32f1xx_hal_rtc.o
    0x08003986   0x08003986   0x00000016   Code   RO         3306    i.RTC_ByteToBcd2    stm32f1xx_hal_rtc.o
    0x0800399c   0x0800399c   0x000000ae   Code   RO         3307    i.RTC_DateUpdate    stm32f1xx_hal_rtc.o
    0x08003a4a   0x08003a4a   0x00000034   Code   RO         3308    i.RTC_EnterInitMode  stm32f1xx_hal_rtc.o
    0x08003a7e   0x08003a7e   0x00000002   PAD
    0x08003a80   0x08003a80   0x00000036   Code   RO         3309    i.RTC_ExitInitMode  stm32f1xx_hal_rtc.o
    0x08003ab6   0x08003ab6   0x0000000e   Code   RO         3310    i.RTC_ReadAlarmCounter  stm32f1xx_hal_rtc.o
    0x08003ac4   0x08003ac4   0x00000020   Code   RO         3311    i.RTC_ReadTimeCounter  stm32f1xx_hal_rtc.o
    0x08003ae4   0x08003ae4   0x00000056   Code   RO         3312    i.RTC_WeekDayNum    stm32f1xx_hal_rtc.o
    0x08003b3a   0x08003b3a   0x00000028   Code   RO         3313    i.RTC_WriteAlarmCounter  stm32f1xx_hal_rtc.o
    0x08003b62   0x08003b62   0x00000028   Code   RO         3314    i.RTC_WriteTimeCounter  stm32f1xx_hal_rtc.o
    0x08003b8a   0x08003b8a   0x00000002   PAD
    0x08003b8c   0x08003b8c   0x00000050   Code   RO          976    i.ReadRawRC         mfrc522.o
    0x08003bdc   0x08003bdc   0x0000005c   Code   RO         3608    i.SPI_EndRxTransaction  stm32f1xx_hal_spi.o
    0x08003c38   0x08003c38   0x00000034   Code   RO         3609    i.SPI_EndRxTxTransaction  stm32f1xx_hal_spi.o
    0x08003c6c   0x08003c6c   0x0000004c   Code   RO         1175    i.SPI_FLASH_BufferRead  w25q64.o
    0x08003cb8   0x08003cb8   0x000000bc   Code   RO         1176    i.SPI_FLASH_BufferWrite  w25q64.o
    0x08003d74   0x08003d74   0x0000001c   Code   RO         1178    i.SPI_FLASH_Init    w25q64.o
    0x08003d90   0x08003d90   0x00000058   Code   RO         1179    i.SPI_FLASH_PageWrite  w25q64.o
    0x08003de8   0x08003de8   0x0000003c   Code   RO         1182    i.SPI_FLASH_ReadID  w25q64.o
    0x08003e24   0x08003e24   0x00000040   Code   RO         1183    i.SPI_FLASH_SectorErase  w25q64.o
    0x08003e64   0x08003e64   0x00000024   Code   RO         1184    i.SPI_FLASH_SendByte  w25q64.o
    0x08003e88   0x08003e88   0x0000003c   Code   RO         1186    i.SPI_FLASH_WaitForWriteEnd  w25q64.o
    0x08003ec4   0x08003ec4   0x0000001c   Code   RO         1187    i.SPI_FLASH_WriteEnable  w25q64.o
    0x08003ee0   0x08003ee0   0x0000001c   Code   RO         1189    i.SPI_Flash_WAKEUP  w25q64.o
    0x08003efc   0x08003efc   0x000000b8   Code   RO         3614    i.SPI_WaitFlagStateUntilTimeout  stm32f1xx_hal_spi.o
    0x08003fb4   0x08003fb4   0x00000018   Code   RO          977    i.SetBitMask        mfrc522.o
    0x08003fcc   0x08003fcc   0x0000000c   Code   RO           10    i.Set_CurrentFont   fonts.o
    0x08003fd8   0x08003fd8   0x00000018   Code   RO         1904    i.SysTick_Handler   stm32f1xx_it.o
    0x08003ff0   0x08003ff0   0x00000080   Code   RO         1606    i.SystemClock_Config  main.o
    0x08004070   0x08004070   0x00000002   Code   RO         4282    i.SystemInit        system_stm32f1xx.o
    0x08004072   0x08004072   0x00000010   Code   RO         3961    i.UART_DMAAbortOnError  stm32f1xx_hal_uart.o
    0x08004082   0x08004082   0x0000004e   Code   RO         3971    i.UART_EndRxTransfer  stm32f1xx_hal_uart.o
    0x080040d0   0x080040d0   0x000000c2   Code   RO         3973    i.UART_Receive_IT   stm32f1xx_hal_uart.o
    0x08004192   0x08004192   0x00000002   PAD
    0x08004194   0x08004194   0x000000b8   Code   RO         3974    i.UART_SetConfig    stm32f1xx_hal_uart.o
    0x0800424c   0x0800424c   0x00000036   Code   RO         3976    i.UART_Start_Receive_IT  stm32f1xx_hal_uart.o
    0x08004282   0x08004282   0x00000072   Code   RO         3977    i.UART_WaitOnFlagUntilTimeout  stm32f1xx_hal_uart.o
    0x080042f4   0x080042f4   0x00000004   Code   RO         1134    i.ULN2003_Init      uln2003.o
    0x080042f8   0x080042f8   0x0000000c   Code   RO         1905    i.USART1_IRQHandler  stm32f1xx_it.o
    0x08004304   0x08004304   0x0000000c   Code   RO         1906    i.USART3_IRQHandler  stm32f1xx_it.o
    0x08004310   0x08004310   0x00000002   Code   RO         1907    i.UsageFault_Handler  stm32f1xx_it.o
    0x08004312   0x08004312   0x00000002   PAD
    0x08004314   0x08004314   0x0000004c   Code   RO          979    i.WriteRawRC        mfrc522.o
    0x08004360   0x08004360   0x00000028   Code   RO          303    i.XPT2046_Button_Delete  xpt2046.o
    0x08004388   0x08004388   0x00000034   Code   RO          304    i.XPT2046_Button_Detect  xpt2046.o
    0x080043bc   0x080043bc   0x0000003c   Code   RO          305    i.XPT2046_Create_Button  xpt2046.o
    0x080043f8   0x080043f8   0x0000000e   Code   RO          306    i.XPT2046_Init      xpt2046.o
    0x08004406   0x08004406   0x00000002   PAD
    0x08004408   0x08004408   0x0000003c   Code   RO          307    i.XPT2046_Match_Button  xpt2046.o
    0x08004444   0x08004444   0x00000074   Code   RO          308    i.XPT2046_TouchDetect  xpt2046.o
    0x080044b8   0x080044b8   0x000000bc   Code   RO          309    i.XPT2046_TouchGetCoordinates  xpt2046.o
    0x08004574   0x08004574   0x000000bc   Code   RO          310    i.XPT2046_TouchGetRawCoordinates  xpt2046.o
    0x08004630   0x08004630   0x00000224   Code   RO          311    i.XPT2046_TouchManualCalibrate  xpt2046.o
    0x08004854   0x08004854   0x00000018   Code   RO          312    i.XPT2046_TouchPressed  xpt2046.o
    0x0800486c   0x0800486c   0x00000010   Code   RO          313    i.XPT2046_TouchUnselect  xpt2046.o
    0x0800487c   0x0800487c   0x0000007c   Code   RO          314    i.XPT2046_UpdateCalibrateParam  xpt2046.o
    0x080048f8   0x080048f8   0x00000030   Code   RO          315    i.XPT2046_touch_handler  xpt2046.o
    0x08004928   0x08004928   0x00000030   Code   RO         1282    i.ZW101_IRQHandler  zw101.o
    0x08004958   0x08004958   0x00000020   Code   RO         5273    i.__0printf$3       mc_w.l(printf3.o)
    0x08004978   0x08004978   0x00000020   Code   RO         2666    i.__NVIC_SetPriority  stm32f1xx_hal_cortex.o
    0x08004998   0x08004998   0x0000000e   Code   RO         5497    i.__scatterload_copy  mc_w.l(handlers.o)
    0x080049a6   0x080049a6   0x00000002   Code   RO         5498    i.__scatterload_null  mc_w.l(handlers.o)
    0x080049a8   0x080049a8   0x0000000e   Code   RO         5499    i.__scatterload_zeroinit  mc_w.l(handlers.o)
    0x080049b6   0x080049b6   0x00000002   PAD
    0x080049b8   0x080049b8   0x000001b8   Code   RO         5280    i._printf_core      mc_w.l(printf3.o)
    0x08004b70   0x08004b70   0x00000774   Code   RO         1417    i.admin_handler     for_whole_project.o
    0x080052e4   0x080052e4   0x0000001c   Code   RO          489    i.bt_clean_all_recv_buffer  bt04_e.o
    0x08005300   0x08005300   0x00000054   Code   RO          490    i.bt_clean_recv_buffer  bt04_e.o
    0x08005354   0x08005354   0x00000028   Code   RO          491    i.bt_control_trandport  bt04_e.o
    0x0800537c   0x0800537c   0x00000014   Code   RO          492    i.bt_disconnect     bt04_e.o
    0x08005390   0x08005390   0x00000058   Code   RO          493    i.bt_get_info       bt04_e.o
    0x080053e8   0x080053e8   0x00000080   Code   RO          494    i.bt_idle_handler   bt04_e.o
    0x08005468   0x08005468   0x00000054   Code   RO          495    i.bt_init           bt04_e.o
    0x080054bc   0x080054bc   0x00000034   Code   RO          496    i.bt_recv_data      bt04_e.o
    0x080054f0   0x080054f0   0x00000070   Code   RO          497    i.bt_send_cmd_with_ok  bt04_e.o
    0x08005560   0x08005560   0x00000050   Code   RO          498    i.bt_send_cmd_without_ok  bt04_e.o
    0x080055b0   0x080055b0   0x00000038   Code   RO          500    i.bt_send_string    bt04_e.o
    0x080055e8   0x080055e8   0x000000d0   Code   RO          672    i.check_fs          ff.o
    0x080056b8   0x080056b8   0x00000018   Code   RO          673    i.clst2sect         ff.o
    0x080056d0   0x080056d0   0x000000de   Code   RO          674    i.create_chain      ff.o
    0x080057ae   0x080057ae   0x00000002   PAD
    0x080057b0   0x080057b0   0x000000f0   Code   RO          675    i.create_name       ff.o
    0x080058a0   0x080058a0   0x00000138   Code   RO          676    i.create_partition  ff.o
    0x080059d8   0x080059d8   0x0000020c   Code   RO         1418    i.create_passwd_file  for_whole_project.o
    0x08005be4   0x08005be4   0x0000000e   Code   RO         1419    i.delay_us          for_whole_project.o
    0x08005bf2   0x08005bf2   0x00000058   Code   RO          677    i.dir_clear         ff.o
    0x08005c4a   0x08005c4a   0x000000bc   Code   RO          678    i.dir_next          ff.o
    0x08005d06   0x08005d06   0x0000006c   Code   RO          680    i.dir_register      ff.o
    0x08005d72   0x08005d72   0x0000008e   Code   RO          682    i.dir_sdi           ff.o
    0x08005e00   0x08005e00   0x00000022   Code   RO          611    i.disk_initialize   diskio.o
    0x08005e22   0x08005e22   0x0000002c   Code   RO          612    i.disk_ioctl        diskio.o
    0x08005e4e   0x08005e4e   0x00000030   Code   RO          613    i.disk_read         diskio.o
    0x08005e7e   0x08005e7e   0x00000002   PAD
    0x08005e80   0x08005e80   0x0000001c   Code   RO          614    i.disk_status       diskio.o
    0x08005e9c   0x08005e9c   0x0000003c   Code   RO          615    i.disk_write        diskio.o
    0x08005ed8   0x08005ed8   0x0000001e   Code   RO          683    i.f_close           ff.o
    0x08005ef6   0x08005ef6   0x00000150   Code   RO          686    i.f_lseek           ff.o
    0x08006046   0x08006046   0x00000002   PAD
    0x08006048   0x08006048   0x000005b8   Code   RO          688    i.f_mkfs            ff.o
    0x08006600   0x08006600   0x0000004c   Code   RO          689    i.f_mount           ff.o
    0x0800664c   0x0800664c   0x000001c0   Code   RO          690    i.f_open            ff.o
    0x0800680c   0x0800680c   0x0000016c   Code   RO          692    i.f_read            ff.o
    0x08006978   0x08006978   0x0000008e   Code   RO          696    i.f_sync            ff.o
    0x08006a06   0x08006a06   0x000001a2   Code   RO          699    i.f_write           ff.o
    0x08006ba8   0x08006ba8   0x000000c4   Code   RO          700    i.follow_path       ff.o
    0x08006c6c   0x08006c6c   0x00000018   Code   RO         1825    i.fputc             usart.o
    0x08006c84   0x08006c84   0x000000e8   Code   RO          701    i.get_fat           ff.o
    0x08006d6c   0x08006d6c   0x00000054   Code   RO          616    i.get_fattime       diskio.o
    0x08006dc0   0x08006dc0   0x0000003a   Code   RO          703    i.get_ldnumber      ff.o
    0x08006dfa   0x08006dfa   0x00000026   Code   RO          704    i.ld_clust          ff.o
    0x08006e20   0x08006e20   0x00000016   Code   RO          705    i.ld_dword          ff.o
    0x08006e36   0x08006e36   0x0000000a   Code   RO          706    i.ld_word           ff.o
    0x08006e40   0x08006e40   0x000000bc   Code   RO         1607    i.main              main.o
    0x08006efc   0x08006efc   0x00000284   Code   RO          707    i.mount_volume      ff.o
    0x08007180   0x08007180   0x00000032   Code   RO          708    i.move_window       ff.o
    0x080071b2   0x080071b2   0x00000002   PAD
    0x080071b4   0x080071b4   0x00000310   Code   RO         1547    i.press_callback    button_keyboard.o
    0x080074c4   0x080074c4   0x000002ac   Code   RO         1420    i.proj_check_passwd  for_whole_project.o
    0x08007770   0x08007770   0x00000038   Code   RO         1548    i.proj_clear_echo_area  button_keyboard.o
    0x080077a8   0x080077a8   0x00000020   Code   RO         1549    i.proj_clear_echo_data  button_keyboard.o
    0x080077c8   0x080077c8   0x00000110   Code   RO         1496    i.proj_create_task  project_task.o
    0x080078d8   0x080078d8   0x00000128   Code   RO         1421    i.proj_init         for_whole_project.o
    0x08007a00   0x08007a00   0x000001e0   Code   RO         1550    i.proj_show_keyboard  button_keyboard.o
    0x08007be0   0x08007be0   0x00000120   Code   RO         1551    i.proj_show_keyboard_again  button_keyboard.o
    0x08007d00   0x08007d00   0x000000dc   Code   RO         1422    i.proj_show_time    for_whole_project.o
    0x08007ddc   0x08007ddc   0x00000070   Code   RO         4621    i.prvAddCurrentTaskToDelayedList  tasks.o
    0x08007e4c   0x08007e4c   0x000000d0   Code   RO         4622    i.prvAddNewTaskToReadyList  tasks.o
    0x08007f1c   0x08007f1c   0x00000050   Code   RO         4931    i.prvCheckForValidListAndQueue  timers.o
    0x08007f6c   0x08007f6c   0x00000050   Code   RO         4623    i.prvCheckTasksWaitingTermination  tasks.o
    0x08007fbc   0x08007fbc   0x00000026   Code   RO         4462    i.prvCopyDataFromQueue  queue.o
    0x08007fe2   0x08007fe2   0x0000006c   Code   RO         4463    i.prvCopyDataToQueue  queue.o
    0x0800804e   0x0800804e   0x00000014   Code   RO         4624    i.prvDeleteTCB      tasks.o
    0x08008062   0x08008062   0x00000002   PAD
    0x08008064   0x08008064   0x0000004c   Code   RO         5039    i.prvHeapInit       heap_4.o
    0x080080b0   0x080080b0   0x0000002c   Code   RO         4625    i.prvIdleTask       tasks.o
    0x080080dc   0x080080dc   0x000000c0   Code   RO         4626    i.prvInitialiseNewTask  tasks.o
    0x0800819c   0x0800819c   0x0000004c   Code   RO         5040    i.prvInsertBlockIntoFreeList  heap_4.o
    0x080081e8   0x080081e8   0x00000038   Code   RO         4932    i.prvInsertTimerInActiveList  timers.o
    0x08008220   0x08008220   0x0000001c   Code   RO         4464    i.prvIsQueueEmpty   queue.o
    0x0800823c   0x0800823c   0x00000060   Code   RO         4933    i.prvProcessExpiredTimer  timers.o
    0x0800829c   0x0800829c   0x000000f0   Code   RO         4934    i.prvProcessReceivedCommands  timers.o
    0x0800838c   0x0800838c   0x0000006c   Code   RO         4935    i.prvProcessTimerOrBlockTask  timers.o
    0x080083f8   0x080083f8   0x00000020   Code   RO         4627    i.prvResetNextTaskUnblockTime  tasks.o
    0x08008418   0x08008418   0x00000028   Code   RO         4936    i.prvSampleTimeNow  timers.o
    0x08008440   0x08008440   0x0000006c   Code   RO         4937    i.prvSwitchTimerLists  timers.o
    0x080084ac   0x080084ac   0x00000064   Code   RO         5089    i.prvTaskExitError  port.o
    0x08008510   0x08008510   0x00000024   Code   RO         4938    i.prvTimerTask      timers.o
    0x08008534   0x08008534   0x0000006a   Code   RO         4465    i.prvUnlockQueue    queue.o
    0x0800859e   0x0800859e   0x00000124   Code   RO          709    i.put_fat           ff.o
    0x080086c2   0x080086c2   0x00000002   PAD
    0x080086c4   0x080086c4   0x00000114   Code   RO         5041    i.pvPortMalloc      heap_4.o
    0x080087d8   0x080087d8   0x00000018   Code   RO         4629    i.pvTaskIncrementMutexHeldCount  tasks.o
    0x080087f0   0x080087f0   0x00000024   Code   RO         5090    i.pxPortInitialiseStack  port.o
    0x08008814   0x08008814   0x00000024   Code   RO         1552    i.release_callback  button_keyboard.o
    0x08008838   0x08008838   0x00000074   Code   RO          710    i.remove_chain      ff.o
    0x080088ac   0x080088ac   0x00000028   Code   RO         1423    i.show_passwd       for_whole_project.o
    0x080088d4   0x080088d4   0x00000028   Code   RO          711    i.st_clust          ff.o
    0x080088fc   0x080088fc   0x00000010   Code   RO          712    i.st_dword          ff.o
    0x0800890c   0x0800890c   0x00000008   Code   RO          713    i.st_word           ff.o
    0x08008914   0x08008914   0x00000088   Code   RO          714    i.sync_fs           ff.o
    0x0800899c   0x0800899c   0x00000046   Code   RO          715    i.sync_window       ff.o
    0x080089e2   0x080089e2   0x00000024   Code   RO         4425    i.uxListRemove      list.o
    0x08008a06   0x08008a06   0x00000002   PAD
    0x08008a08   0x08008a08   0x00000028   Code   RO         1424    i.vApplicationIdleHook  for_whole_project.o
    0x08008a30   0x08008a30   0x00000016   Code   RO         4426    i.vListInitialise   list.o
    0x08008a46   0x08008a46   0x00000006   Code   RO         4427    i.vListInitialiseItem  list.o
    0x08008a4c   0x08008a4c   0x00000030   Code   RO         4428    i.vListInsert       list.o
    0x08008a7c   0x08008a7c   0x00000018   Code   RO         4429    i.vListInsertEnd    list.o
    0x08008a94   0x08008a94   0x00000078   Code   RO         5092    i.vPortEnterCritical  port.o
    0x08008b0c   0x08008b0c   0x00000064   Code   RO         5093    i.vPortExitCritical  port.o
    0x08008b70   0x08008b70   0x0000009c   Code   RO         5042    i.vPortFree         heap_4.o
    0x08008c0c   0x08008c0c   0x00000020   Code   RO         5094    i.vPortSetupTimerInterrupt  port.o
    0x08008c2c   0x08008c2c   0x0000008c   Code   RO         5095    i.vPortValidateInterruptPriority  port.o
    0x08008cb8   0x08008cb8   0x00000028   Code   RO         4469    i.vQueueAddToRegistry  queue.o
    0x08008ce0   0x08008ce0   0x00000044   Code   RO         4472    i.vQueueWaitForMessageRestricted  queue.o
    0x08008d24   0x08008d24   0x00000078   Code   RO         4635    i.vTaskDelay        tasks.o
    0x08008d9c   0x08008d9c   0x0000000c   Code   RO         4639    i.vTaskMissedYield  tasks.o
    0x08008da8   0x08008da8   0x00000060   Code   RO         4641    i.vTaskPlaceOnEventList  tasks.o
    0x08008e08   0x08008e08   0x00000068   Code   RO         4642    i.vTaskPlaceOnEventListRestricted  tasks.o
    0x08008e70   0x08008e70   0x00000084   Code   RO         4644    i.vTaskPriorityInherit  tasks.o
    0x08008ef4   0x08008ef4   0x00000054   Code   RO         4647    i.vTaskSetTimeOutState  tasks.o
    0x08008f48   0x08008f48   0x000000a0   Code   RO         4648    i.vTaskStartScheduler  tasks.o
    0x08008fe8   0x08008fe8   0x00000010   Code   RO         4650    i.vTaskSuspendAll   tasks.o
    0x08008ff8   0x08008ff8   0x00000088   Code   RO         4651    i.vTaskSwitchContext  tasks.o
    0x08009080   0x08009080   0x00000034   Code   RO          716    i.validate          ff.o
    0x080090b4   0x080090b4   0x00000074   Code   RO         5096    i.xPortStartScheduler  port.o
    0x08009128   0x08009128   0x0000002c   Code   RO         5097    i.xPortSysTickHandler  port.o
    0x08009154   0x08009154   0x00000074   Code   RO         4474    i.xQueueGenericCreate  queue.o
    0x080091c8   0x080091c8   0x00000190   Code   RO         4475    i.xQueueGenericReceive  queue.o
    0x08009358   0x08009358   0x000000b4   Code   RO         4476    i.xQueueGenericReset  queue.o
    0x0800940c   0x0800940c   0x00000180   Code   RO         4477    i.xQueueGenericSend  queue.o
    0x0800958c   0x0800958c   0x000000e0   Code   RO         4478    i.xQueueGenericSendFromISR  queue.o
    0x0800966c   0x0800966c   0x000000c0   Code   RO         4479    i.xQueueGiveFromISR  queue.o
    0x0800972c   0x0800972c   0x00000094   Code   RO         4652    i.xTaskCheckForTimeOut  tasks.o
    0x080097c0   0x080097c0   0x00000056   Code   RO         4653    i.xTaskCreate       tasks.o
    0x08009816   0x08009816   0x00000002   PAD
    0x08009818   0x08009818   0x0000001c   Code   RO         4657    i.xTaskGetSchedulerState  tasks.o
    0x08009834   0x08009834   0x0000000c   Code   RO         4658    i.xTaskGetTickCount  tasks.o
    0x08009840   0x08009840   0x000000f4   Code   RO         4660    i.xTaskIncrementTick  tasks.o
    0x08009934   0x08009934   0x000000c0   Code   RO         4663    i.xTaskPriorityDisinherit  tasks.o
    0x080099f4   0x080099f4   0x000000a4   Code   RO         4664    i.xTaskRemoveFromEventList  tasks.o
    0x08009a98   0x08009a98   0x000000f4   Code   RO         4666    i.xTaskResumeAll    tasks.o
    0x08009b8c   0x08009b8c   0x00000080   Code   RO         4941    i.xTimerCreate      timers.o
    0x08009c0c   0x08009c0c   0x00000080   Code   RO         4942    i.xTimerCreateTimerTask  timers.o
    0x08009c8c   0x08009c8c   0x00000098   Code   RO         4943    i.xTimerGenericCommand  timers.o
    0x08009d24   0x08009d24   0x00000070   Code   RO         1283    i.zw101_GetIRQStatue  zw101.o
    0x08009d94   0x08009d94   0x00000138   Code   RO         1284    i.zw101_check_FP    zw101.o
    0x08009ecc   0x08009ecc   0x0000002a   Code   RO         1286    i.zw101_delete_FP   zw101.o
    0x08009ef6   0x08009ef6   0x00000016   Code   RO         1287    i.zw101_generate_char  zw101.o
    0x08009f0c   0x08009f0c   0x00000030   Code   RO         1288    i.zw101_init        zw101.o
    0x08009f3c   0x08009f3c   0x00000034   Code   RO         1289    i.zw101_led_control  zw101.o
    0x08009f70   0x08009f70   0x0000001c   Code   RO         1290    i.zw101_led_set_rgb  zw101.o
    0x08009f8c   0x08009f8c   0x00000024   Code   RO         1291    i.zw101_led_switch  zw101.o
    0x08009fb0   0x08009fb0   0x00000018   Code   RO         1292    i.zw101_power_control  zw101.o
    0x08009fc8   0x08009fc8   0x00000064   Code   RO         1293    i.zw101_read_FP_info  zw101.o
    0x0800a02c   0x0800a02c   0x000000b4   Code   RO         1295    i.zw101_recv_response  zw101.o
    0x0800a0e0   0x0800a0e0   0x0000017c   Code   RO         1296    i.zw101_register_FP  zw101.o
    0x0800a25c   0x0800a25c   0x00000090   Code   RO         1297    i.zw101_send_cmd    zw101.o
    0x0800a2ec   0x0800a2ec   0x0000001a   Code   RO         1298    i.zw101_shand_shake  zw101.o
    0x0800a306   0x0800a306   0x00000020   Code   RO         1299    i.zw101_sleep       zw101.o
    0x0800a326   0x0800a326   0x00000012   Code   RO         1300    i.zw101_wakeup      zw101.o
    0x0800a338   0x0800a338   0x0000076c   Data   RO           11    .constdata          fonts.o
    0x0800aaa4   0x0800aaa4   0x00000d5c   Data   RO           12    .constdata          fonts.o
    0x0800b800   0x0800b800   0x0000008e   Data   RO           63    .constdata          ili9341.o
    0x0800b88e   0x0800b88e   0x00000004   Data   RO          316    .constdata          xpt2046.o
    0x0800b892   0x0800b892   0x00000002   PAD
    0x0800b894   0x0800b894   0x0000002c   Data   RO          718    .constdata          ff.o
    0x0800b8c0   0x0800b8c0   0x00000005   Data   RO         1302    .constdata          zw101.o
    0x0800b8c5   0x0800b8c5   0x00000012   Data   RO         2364    .constdata          stm32f1xx_hal_rcc.o
    0x0800b8d7   0x0800b8d7   0x00000012   Data   RO         2456    .constdata          stm32f1xx_hal_rcc_ex.o
    0x0800b8e9   0x0800b8e9   0x00000010   Data   RO         4283    .constdata          system_stm32f1xx.o
    0x0800b8f9   0x0800b8f9   0x00000008   Data   RO         4284    .constdata          system_stm32f1xx.o
    0x0800b901   0x0800b901   0x00000003   PAD
    0x0800b904   0x0800b904   0x00000043   Data   RO          317    .conststring        xpt2046.o
    0x0800b947   0x0800b947   0x00000001   PAD
    0x0800b948   0x0800b948   0x00000020   Data   RO         5495    Region$$Table       anon$$obj.o


    Execution Region RW_IRAM1 (Exec base: 0x20000000, Load base: 0x0800b968, Size: 0x0000fd50, Max: 0x00010000, ABSOLUTE, COMPRESSED[0x0000007c])

    Exec Addr    Load Addr    Size         Type   Attr      Idx    E Section Name        Object

    0x20000000   COMPRESSED   0x00000008   Data   RW           14    .data               fonts.o
    0x20000008   COMPRESSED   0x00000008   Data   RW           15    .data               fonts.o
    0x20000010   COMPRESSED   0x00000004   Data   RW           17    .data               fonts.o
    0x20000014   COMPRESSED   0x00000006   Data   RW           64    .data               ili9341.o
    0x2000001a   COMPRESSED   0x00000002   PAD
    0x2000001c   COMPRESSED   0x00000024   Data   RW          319    .data               xpt2046.o
    0x20000040   COMPRESSED   0x0000000c   Data   RW          719    .data               ff.o
    0x2000004c   COMPRESSED   0x0000000c   Data   RW         1135    .data               uln2003.o
    0x20000058   COMPRESSED   0x00000018   Data   RW         1303    .data               zw101.o
    0x20000070   COMPRESSED   0x00000064   Data   RW         1426    .data               for_whole_project.o
    0x200000d4   COMPRESSED   0x00000022   Data   RW         1497    .data               project_task.o
    0x200000f6   COMPRESSED   0x00000010   Data   RW         1554    .data               button_keyboard.o
    0x20000106   COMPRESSED   0x00000002   PAD
    0x20000108   COMPRESSED   0x00000008   Data   RW         1684    .data               fsmc.o
    0x20000110   COMPRESSED   0x00000001   Data   RW         1827    .data               usart.o
    0x20000111   COMPRESSED   0x00000003   PAD
    0x20000114   COMPRESSED   0x0000000c   Data   RW         2201    .data               stm32f1xx_hal.o
    0x20000120   COMPRESSED   0x00000004   Data   RW         4285    .data               system_stm32f1xx.o
    0x20000124   COMPRESSED   0x0000003c   Data   RW         4669    .data               tasks.o
    0x20000160   COMPRESSED   0x00000014   Data   RW         4949    .data               timers.o
    0x20000174   COMPRESSED   0x00000018   Data   RW         5047    .data               heap_4.o
    0x2000018c   COMPRESSED   0x0000000c   Data   RW         5098    .data               port.o
    0x20000198   COMPRESSED   0x00000004   Data   RW         5471    .data               mc_w.l(stdout.o)
    0x2000019c        -       0x00000099   Zero   RW          503    .bss                bt04_e.o
    0x20000235        -       0x00000046   Zero   RW         1301    .bss                zw101.o
    0x2000027b   COMPRESSED   0x00000001   PAD
    0x2000027c        -       0x0000605c   Zero   RW         1425    .bss                for_whole_project.o
    0x200062d8        -       0x0000012c   Zero   RW         1553    .bss                button_keyboard.o
    0x20006404        -       0x00000048   Zero   RW         1683    .bss                fsmc.o
    0x2000644c        -       0x00000014   Zero   RW         1730    .bss                rtc.o
    0x20006460        -       0x000000b0   Zero   RW         1773    .bss                spi.o
    0x20006510        -       0x000000e4   Zero   RW         1826    .bss                usart.o
    0x200065f4        -       0x00000050   Zero   RW         4486    .bss                queue.o
    0x20006644        -       0x000002e4   Zero   RW         4668    .bss                tasks.o
    0x20006928        -       0x00000028   Zero   RW         4948    .bss                timers.o
    0x20006950        -       0x00009000   Zero   RW         5046    .bss                heap_4.o
    0x2000f950        -       0x00000400   Zero   RW            1    STACK               startup_stm32f103xe.o


==============================================================================

Image component sizes


      Code (inc. data)   RO Data    RW Data    ZI Data      Debug   Object Name

       772        108          0          0        153      12456   bt04_e.o
      1676        310          0         16        300       5939   button_keyboard.o
       298          8          0          0          0       4956   diskio.o
         0          0          0          0          0      11880   event_groups.o
      6790        148         44         12          0      46364   ff.o
        12          6       5320         20          0       6092   fonts.o
      3726       1518          0        100      24668       8472   for_whole_project.o
       228         28          0          8         72       2079   fsmc.o
       426         34          0          0          0       1660   gpio.o
       584        138          0         24      36864       3943   heap_4.o
      1542         88        142          6          0     492611   ili9341.o
       136          0          0          0          0       3122   list.o
       320        104          0          0          0       2068   main.o
      1924        232          0          0          0      13147   mfrc522.o
       838        314          0         12          0      10025   port.o
      1820        586          0         34          0       5048   project_task.o
      1884        308          0          0         80      13341   queue.o
       244         24          0          0         20       1659   rtc.o
       328         42          0          0        176       2230   spi.o
        36          8        304          0       1024        796   startup_stm32f103xe.o
       164         28          0         12          0       6457   stm32f1xx_hal.o
       232         14          0          0          0      29585   stm32f1xx_hal_cortex.o
       374          8          0          0          0       1819   stm32f1xx_hal_dma.o
       548         48          0          0          0       4098   stm32f1xx_hal_gpio.o
        60          8          0          0          0        834   stm32f1xx_hal_msp.o
        12          4          0          0          0        507   stm32f1xx_hal_pwr.o
      1240         84         18          0          0       5088   stm32f1xx_hal_rcc.o
       420         30         18          0          0       2501   stm32f1xx_hal_rcc_ex.o
      1400         12          0          0          0      12620   stm32f1xx_hal_rtc.o
        32         10          0          0          0       1623   stm32f1xx_hal_rtc_ex.o
      1700          4          0          0          0       8014   stm32f1xx_hal_spi.o
       100          0          0          0          0       1204   stm32f1xx_hal_sram.o
      1806         10          0          0          0      12324   stm32f1xx_hal_uart.o
       116         18          0          0          0       5104   stm32f1xx_it.o
       224         14          0          0          0       3867   stm32f1xx_ll_fsmc.o
         2          0         24          4          0       1075   system_stm32f1xx.o
      2690        766          0         60        740      28401   tasks.o
      1172        304          0         20         40       9650   timers.o
       412         16          0         12          0       3488   uln2003.o
       560         76          0          1        228       4467   usart.o
       656         48          0          0          0       6399   w25q64.o
      1478        166         71         36          0      32580   xpt2046.o
      1604        268          5         24         70      15762   zw101.o

    ----------------------------------------------------------------------
     40636       5940       5984        408      64436     845355   Object Totals
         0          0         32          0          0          0   (incl. Generated)
        50          0          6          7          1          0   (incl. Padding)

    ----------------------------------------------------------------------

      Code (inc. data)   RO Data    RW Data    ZI Data      Debug   Library Member Name

        86          0          0          0          0          0   __dczerorl2.o
         0          0          0          0          0          0   entry.o
         0          0          0          0          0          0   entry10a.o
         0          0          0          0          0          0   entry11a.o
         4          0          0          0          0          0   entry12b.o
         8          4          0          0          0          0   entry2.o
         4          0          0          0          0          0   entry5.o
         0          0          0          0          0          0   entry7b.o
         0          0          0          0          0          0   entry8b.o
         8          4          0          0          0          0   entry9a.o
        30          0          0          0          0          0   handlers.o
        36          8          0          0          0         68   init.o
        26          0          0          0          0         80   memcmp.o
        64          0          0          0          0         76   memmovea.o
        36          0          0          0          0        108   memseta.o
       472         14          0          0          0        184   printf3.o
         0          0          0          4          0          0   stdout.o
        20          0          0          0          0         68   strchr.o
        44          0          0          0          0         80   uidiv.o

    ----------------------------------------------------------------------
       844         30          0          4          0        664   Library Totals
         6          0          0          0          0          0   (incl. Padding)

    ----------------------------------------------------------------------

      Code (inc. data)   RO Data    RW Data    ZI Data      Debug   Library Name

       838         30          0          4          0        664   mc_w.l

    ----------------------------------------------------------------------
       844         30          0          4          0        664   Library Totals

    ----------------------------------------------------------------------

==============================================================================


      Code (inc. data)   RO Data    RW Data    ZI Data      Debug   

     41480       5970       5984        412      64436     829923   Grand Totals
     41480       5970       5984        124      64436     829923   ELF Image Totals (compressed)
     41480       5970       5984        124          0          0   ROM Totals

==============================================================================

    Total RO  Size (Code + RO Data)                47464 (  46.35kB)
    Total RW  Size (RW Data + ZI Data)             64848 (  63.33kB)
    Total ROM Size (Code + RO Data + RW Data)      47588 (  46.47kB)

==============================================================================

